[2026-08-23 19:09:03] 吸收循环监控启动（事件驱动订阅 http://127.0.0.1:8803/events，监控 /tools/）
[2026-08-23 19:09:03] 已连接事件桥，等待节点工具登记...
[2026-08-23 19:10:49] 吸收循环监控启动（事件驱动订阅 http://127.0.0.1:8803/events，监控 /tools/）
[2026-08-23 19:10:49] 已连接事件桥，等待节点工具登记...
[2026-08-23 19:28:16] 吸收循环监控启动（事件驱动订阅 http://127.0.0.1:8803/events，监控 /tools/）
[2026-08-23 19:28:16] 连接中断: <urlopen error [Errno 61] Connection refused>（5s 后重连）
[2026-08-23 19:28:21] 已连接事件桥，等待节点工具登记...
[2026-08-23 20:40:56] 🎯 检测到新工具: i9/new-tool-probe.py → 触发吸收评估
[2026-08-23 20:40:57] 吸收评估完成:
== 吸收流水线：i9/new-tool-probe.py ==
描述: i9 节点工具
⚠️ 工具 /data/i9/tools/new-tool-probe.py 查询异常: HTTP Error 404: Not Found

[评估] 复用性...
  复用分级: reusable
  建议: 可泛化：提炼为底座通用件（如 node-executor.py 模式），纳入后续节点模板

[落链]...
  ✅ 黑板 data/iterations/absorb-i9-new-tool-probe-py

✅ 吸收评估完成: new-tool-probe.py → reusable

[2026-08-24 04:19:17] 🎯 检测到新工具: i9/i9-executor.py → 触发吸收评估
[2026-08-24 04:19:17] 吸收评估完成:
== 吸收流水线：i9/i9-executor.py ==
描述: i9 节点工具
✅ 工具登记确认: /data/i9/tools/i9-executor.py

[评估] 复用性...
  复用分级: reusable
  建议: 可泛化：提炼为底座通用件（如 node-executor.py 模式），纳入后续节点模板

[落链]...
  ✅ 黑板 data/iterations/absorb-i9-i9-executor-py

✅ 吸收评估完成: i9-executor.py → reusable

[2026-08-24 04:19:17] 🎯 检测到新工具: i9/i9-bb.py → 触发吸收评估
[2026-08-24 04:19:18] 吸收评估完成:
== 吸收流水线：i9/i9-bb.py ==
描述: i9 节点工具
✅ 工具登记确认: /data/i9/tools/i9-bb.py

[评估] 复用性...
  复用分级: reusable
  建议: 可泛化：提炼为底座通用件（如 node-executor.py 模式），纳入后续节点模板

[落链]...
  ✅ 黑板 data/iterations/absorb-i9-i9-bb-py

✅ 吸收评估完成: i9-bb.py → reusable

[2026-08-24 04:19:18] 🎯 检测到新工具: i9/i9-design-workbench.py → 触发吸收评估
[2026-08-24 04:19:18] 吸收评估完成:
== 吸收流水线：i9/i9-design-workbench.py ==
描述: i9 节点工具
✅ 工具登记确认: /data/i9/tools/i9-design-workbench.py

[评估] 复用性...
  复用分级: reusable
  建议: 可泛化：提炼为底座通用件（如 node-executor.py 模式），纳入后续节点模板

[落链]...
  ✅ 黑板 data/iterations/absorb-i9-i9-design-workbench-py

✅ 吸收评估完成: i9-design-workbench.py → reusable

[2026-08-24 04:40:02] 🎯 检测到新工具: i9/calibration-review.py → 触发吸收评估
[2026-08-24 04:40:03] 吸收评估完成:
== 吸收流水线：i9/calibration-review.py ==
描述: i9 节点工具
✅ 工具登记确认: /data/i9/tools/calibration-review.py

[评估] 复用性...
  复用分级: reusable
  建议: 可泛化：提炼为底座通用件（如 node-executor.py 模式），纳入后续节点模板

[落链]...
  ✅ 黑板 data/iterations/absorb-i9-calibration-review-py

✅ 吸收评估完成: calibration-review.py → reusable

[2026-08-25 19:24:30] 🎯 检测到新工具: i9/erp-memory-archeology.py → 触发吸收评估
[2026-08-25 19:24:30] 吸收评估完成:
== 吸收流水线：i9/erp-memory-archeology.py ==
描述: i9 节点工具
✅ 工具登记确认: /data/i9/tools/erp-memory-archeology.py

[评估] 复用性...
  复用分级: reusable
  建议: 可泛化：提炼为底座通用件（如 node-executor.py 模式），纳入后续节点模板

[落链]...
  ✅ 黑板 data/iterations/absorb-i9-erp-memory-archeology-py

✅ 吸收评估完成: erp-memory-archeology.py → reusable

[2026-08-25 19:49:58] 🎯 检测到新工具: i9/i9-memory-vectorize.py → 触发吸收评估
[2026-08-25 19:49:59] 吸收评估完成:
== 吸收流水线：i9/i9-memory-vectorize.py ==
描述: i9 节点工具
✅ 工具登记确认: /data/i9/tools/i9-memory-vectorize.py

[评估] 复用性...
  复用分级: reusable
  建议: 可泛化：提炼为底座通用件（如 node-executor.py 模式），纳入后续节点模板

[落链]...
  ✅ 黑板 data/iterations/absorb-i9-i9-memory-vectorize-py

✅ 吸收评估完成: i9-memory-vectorize.py → reusable

[2026-08-25 20:23:57] 🎯 检测到新工具: i9/i9-node-onboarding-archeology.py → 触发吸收评估
[2026-08-25 20:23:59] 吸收评估完成:
g-archeology.py ==
描述: i9 节点工具
✅ 工具登记确认: /data/i9/tools/i9-node-onboarding-archeology.py

[评估] 复用性...
  复用分级: reusable
  建议: 可泛化：提炼为底座通用件（如 node-executor.py 模式），纳入后续节点模板

[落链]...
  ✅ 黑板 data/iterations/absorb-i9-i9-node-onboarding-archeology-py

✅ 吸收评估完成: i9-node-onboarding-archeology.py → reusable

[2026-08-25 21:35:00] 🎯 检测到新工具: i9/test-probe.py → 触发吸收评估
[2026-08-25 21:35:00] 吸收评估完成:
== 吸收流水线：i9/test-probe.py ==
描述: i9 节点工具
✅ 工具登记确认: /data/i9/tools/test-probe.py

[评估] 复用性...
  复用分级: reusable
  建议: 可泛化：提炼为底座通用件（如 node-executor.py 模式），纳入后续节点模板

[落链]...
  ✅ 黑板 data/iterations/absorb-i9-test-probe-py

✅ 吸收评估完成: test-probe.py → reusable

[2026-08-25 23:46:47] 连接中断: <urlopen error [Errno 61] Connection refused>（5s 后重连）
[2026-08-25 23:46:52] 已连接事件桥，等待节点工具登记...
[2026-08-25 23:46:54] 连接中断: <urlopen error [Errno 61] Connection refused>（5s 后重连）
[2026-08-25 23:46:59] 已连接事件桥，等待节点工具登记...
[2026-08-25 23:48:59] 连接中断: <urlopen error [Errno 61] Connection refused>（5s 后重连）
[2026-08-25 23:49:04] 连接中断: <urlopen error [Errno 61] Connection refused>（5s 后重连）
[2026-08-25 23:49:09] 连接中断: <urlopen error [Errno 61] Connection refused>（5s 后重连）
[2026-08-25 23:49:14] 连接中断: <urlopen error [Errno 61] Connection refused>（5s 后重连）
[2026-08-25 23:49:19] 已连接事件桥，等待节点工具登记...
[2026-08-25 23:49:48] 连接中断: <urlopen error [Errno 61] Connection refused>（5s 后重连）
[2026-08-25 23:49:53] 已连接事件桥，等待节点工具登记...
[2026-08-26 01:41:32] 🎯 检测到新工具: i9/calib-task-optimizer → 触发吸收评估
[2026-08-26 01:41:32] 吸收评估完成:
== 吸收流水线：i9/calib-task-optimizer ==
描述: i9 节点工具
✅ 工具登记确认: /data/i9/tools/calib-task-optimizer

[评估] 复用性...
  复用分级: reusable
  建议: 可泛化：提炼为底座通用件（如 node-executor.py 模式），纳入后续节点模板

[落链]...
  ✅ 黑板 data/iterations/absorb-i9-calib-task-optimizer

✅ 吸收评估完成: calib-task-optimizer → reusable

[2026-08-27 00:56:23] 吸收循环监控启动（事件驱动订阅 http://127.0.0.1:8803/events，监控 /tools/）
[2026-08-27 00:56:23] 已连接事件桥，等待节点工具登记...
[2026-08-27 01:44:27] 吸收循环监控启动（事件驱动订阅 http://127.0.0.1:8803/events，监控 /tools/）
[2026-08-27 01:44:27] 已连接事件桥，等待节点工具登记...
[2026-08-28 02:10:13] 连接中断: <urlopen error [Errno 61] Connection refused>（5s 后重连）
[2026-08-28 02:10:18] 连接中断: <urlopen error [Errno 61] Connection refused>（5s 后重连）
[2026-08-28 02:10:23] 连接中断: <urlopen error [Errno 61] Connection refused>（5s 后重连）
[2026-08-28 02:10:29] 已连接事件桥，等待节点工具登记...
[2026-08-28 03:34:24] 连接中断: <urlopen error [Errno 61] Connection refused>（5s 后重连）
[2026-08-28 03:34:29] 连接中断: <urlopen error [Errno 61] Connection refused>（5s 后重连）
[2026-08-28 03:34:34] 连接中断: <urlopen error [Errno 61] Connection refused>（5s 后重连）
[2026-08-28 03:34:39] 已连接事件桥，等待节点工具登记...
[2026-08-28 03:37:34] 连接中断: <urlopen error [Errno 61] Connection refused>（5s 后重连）
[2026-08-28 03:37:39] 连接中断: <urlopen error [Errno 61] Connection refused>（5s 后重连）
[2026-08-28 03:37:44] 连接中断: <urlopen error [Errno 61] Connection refused>（5s 后重连）
[2026-08-28 03:37:49] 已连接事件桥，等待节点工具登记...
[2026-08-29 02:33:19] 吸收循环监控启动（事件驱动订阅 http://127.0.0.1:8803/events，监控 /tools/）
[2026-08-29 02:33:19] 连接中断: <urlopen error [Errno 61] Connection refused>（5s 后重连）
[2026-08-29 02:33:24] 连接中断: <urlopen error [Errno 61] Connection refused>（5s 后重连）
[2026-08-29 02:33:29] 连接中断: <urlopen error [Errno 61] Connection refused>（5s 后重连）
[2026-08-29 02:33:34] 已连接事件桥，等待节点工具登记...
[2026-08-29 02:42:15] 连接中断: <urlopen error [Errno 61] Connection refused>（5s 后重连）
[2026-08-29 02:42:20] 连接中断: <urlopen error [Errno 61] Connection refused>（5s 后重连）
[2026-08-29 02:42:25] 连接中断: <urlopen error [Errno 61] Connection refused>（5s 后重连）
[2026-08-29 02:42:30] 已连接事件桥，等待节点工具登记...
[2026-08-29 16:05:03] 连接中断: <urlopen error [Errno 61] Connection refused>（5s 后重连）
[2026-08-29 16:05:08] 已连接事件桥，等待节点工具登记...
[2026-08-29 20:12:55] 连接中断: <urlopen error [Errno 61] Connection refused>（5s 后重连）
[2026-08-29 20:13:00] 已连接事件桥，等待节点工具登记...
[2026-08-29 20:13:06] 连接中断: <urlopen error [Errno 61] Connection refused>（5s 后重连）
[2026-08-29 20:13:11] 已连接事件桥，等待节点工具登记...
[2026-08-29 21:54:42] 连接中断: <urlopen error [Errno 61] Connection refused>（5s 后重连）
[2026-08-29 21:54:47] 已连接事件桥，等待节点工具登记...
[2026-09-04 15:38:38] 吸收循环监控启动（事件驱动订阅 http://127.0.0.1:8803/events，监控 /tools/）
[2026-09-04 15:38:38] 已连接事件桥，等待节点工具登记...
[2026-09-11 23:49:00] 吸收循环监控启动（事件驱动订阅 http://127.0.0.1:8803/events，监控 /tools/）
[2026-09-11 23:49:01] 已连接事件桥，等待节点工具登记...
[2026-09-13 18:30:41] 连接中断: <urlopen error [Errno 61] Connection refused>（5s 后重连）
[2026-09-13 18:30:46] 已连接事件桥，等待节点工具登记...
[2026-09-13 18:31:08] 连接中断: <urlopen error [Errno 61] Connection refused>（5s 后重连）
[2026-09-13 18:31:13] 已连接事件桥，等待节点工具登记...
[2026-09-24 09:04:02] 吸收循环监控启动（事件驱动订阅 http://127.0.0.1:8803/events，监控 /tools/）
[2026-09-24 09:04:03] 连接中断: <urlopen error [Errno 61] Connection refused>（5s 后重连）
[2026-09-24 09:04:08] 已连接事件桥，等待节点工具登记...
[2026-10-03 14:54:24] 连接中断: <urlopen error [Errno 61] Connection refused>（5s 后重连）
[2026-10-03 14:54:29] 连接中断: <urlopen error [Errno 61] Connection refused>（5s 后重连）
[2026-10-03 14:54:34] 连接中断: <urlopen error [Errno 61] Connection refused>（5s 后重连）
[2026-10-03 14:54:39] 已连接事件桥，等待节点工具登记...
[2026-10-03 14:56:43] 连接中断: <urlopen error [Errno 61] Connection refused>（5s 后重连）
[2026-10-03 14:56:48] 连接中断: <urlopen error [Errno 61] Connection refused>（5s 后重连）
[2026-10-03 14:56:53] 连接中断: <urlopen error [Errno 61] Connection refused>（5s 后重连）
[2026-10-03 14:56:58] 已连接事件桥，等待节点工具登记...
[2026-10-03 14:59:29] 连接中断: <urlopen error [Errno 61] Connection refused>（5s 后重连）
[2026-10-03 14:59:34] 已连接事件桥，等待节点工具登记...
[2026-10-03 15:01:09] 连接中断: <urlopen error [Errno 61] Connection refused>（5s 后重连）
[2026-10-03 15:01:14] 连接中断: <urlopen error [Errno 61] Connection refused>（5s 后重连）
[2026-10-03 15:01:19] 连接中断: <urlopen error [Errno 61] Connection refused>（5s 后重连）
[2026-10-03 15:01:24] 已连接事件桥，等待节点工具登记...
[2026-10-03 15:04:24] 连接中断: <urlopen error [Errno 61] Connection refused>（5s 后重连）
[2026-10-03 15:04:29] 连接中断: <urlopen error [Errno 61] Connection refused>（5s 后重连）
[2026-10-03 15:04:34] 连接中断: <urlopen error [Errno 61] Connection refused>（5s 后重连）
[2026-10-03 15:04:39] 已连接事件桥，等待节点工具登记...
[2026-10-03 21:49:49] 吸收循环监控启动（事件驱动订阅 http://127.0.0.1:8803/events，监控 /tools/）
[2026-10-03 21:49:49] 已连接事件桥，等待节点工具登记...
[2026-10-04 12:31:03] 连接中断: <urlopen error [Errno 61] Connection refused>（5s 后重连）
[2026-10-04 12:31:08] 已连接事件桥，等待节点工具登记...
[2026-10-04 12:31:38] 连接中断: <urlopen error [Errno 61] Connection refused>（5s 后重连）
[2026-10-04 12:31:43] 已连接事件桥，等待节点工具登记...
[2026-10-04 13:04:46] 连接中断: <urlopen error [Errno 61] Connection refused>（5s 后重连）
[2026-10-04 13:04:51] 已连接事件桥，等待节点工具登记...
[2026-10-04 13:48:07] 连接中断: <urlopen error [Errno 61] Connection refused>（5s 后重连）
[2026-10-04 13:48:12] 已连接事件桥，等待节点工具登记...
[2026-10-04 14:11:25] 连接中断: <urlopen error [Errno 61] Connection refused>（5s 后重连）
[2026-10-04 14:11:30] 已连接事件桥，等待节点工具登记...
[2026-10-04 14:12:15] 连接中断: <urlopen error [Errno 61] Connection refused>（5s 后重连）
[2026-10-04 14:12:20] 已连接事件桥，等待节点工具登记...
[2026-10-04 14:15:33] 连接中断: <urlopen error [Errno 61] Connection refused>（5s 后重连）
[2026-10-04 14:15:38] 连接中断: <urlopen error [Errno 61] Connection refused>（5s 后重连）
[2026-10-04 14:15:43] 连接中断: <urlopen error [Errno 61] Connection refused>（5s 后重连）
[2026-10-04 14:15:48] 连接中断: <urlopen error [Errno 61] Connection refused>（5s 后重连）
[2026-10-04 14:15:53] 连接中断: <urlopen error [Errno 61] Connection refused>（5s 后重连）
[2026-10-04 14:15:58] 连接中断: <urlopen error [Errno 61] Connection refused>（5s 后重连）
[2026-10-04 14:16:03] 已连接事件桥，等待节点工具登记...
[2026-10-05 00:52:15] 连接中断: <urlopen error [Errno 61] Connection refused>（5s 后重连）
[2026-10-05 00:52:20] 已连接事件桥，等待节点工具登记...
[2026-10-05 13:46:35] 吸收循环监控启动（事件驱动订阅 http://127.0.0.1:8803/events，监控 /tools/）
[2026-10-05 13:46:35] 已连接事件桥，等待节点工具登记...
[2026-10-05 17:08:39] 连接中断: <urlopen error [Errno 61] Connection refused>（5s 后重连）
[2026-10-05 17:08:44] 已连接事件桥，等待节点工具登记...
[2026-10-05 17:13:49] 连接中断: <urlopen error [Errno 61] Connection refused>（5s 后重连）
[2026-10-05 17:13:54] 已连接事件桥，等待节点工具登记...
[2026-10-05 17:20:30] 连接中断: <urlopen error [Errno 61] Connection refused>（5s 后重连）
[2026-10-05 17:20:36] 已连接事件桥，等待节点工具登记...
[2026-10-05 21:59:17] 连接中断: <urlopen error [Errno 61] Connection refused>（5s 后重连）
[2026-10-05 21:59:22] 已连接事件桥，等待节点工具登记...
[2026-10-05 22:39:02] 连接中断: <urlopen error [Errno 61] Connection refused>（5s 后重连）
[2026-10-05 22:39:07] 已连接事件桥，等待节点工具登记...
[2026-10-08 03:32:45] 吸收循环监控启动（事件驱动订阅 http://127.0.0.1:8803/events，监控 /tools/）
[2026-10-08 03:32:46] 已连接事件桥，等待节点工具登记...
[2026-10-08 04:28:50] 吸收循环监控启动（事件驱动订阅 http://127.0.0.1:8803/events，监控 /tools/）
[2026-10-08 04:28:50] 已连接事件桥，等待节点工具登记...
