----------------------------------------
Exception occurred during processing of request from ('127.0.0.1', 52006)
Traceback (most recent call last):
  File "/Library/Developer/CommandLineTools/Library/Frameworks/Python3.framework/Versions/3.9/lib/python3.9/socketserver.py", line 683, in process_request_thread
    self.finish_request(request, client_address)
  File "/Library/Developer/CommandLineTools/Library/Frameworks/Python3.framework/Versions/3.9/lib/python3.9/socketserver.py", line 360, in finish_request
    self.RequestHandlerClass(request, client_address, self)
  File "/Library/Developer/CommandLineTools/Library/Frameworks/Python3.framework/Versions/3.9/lib/python3.9/socketserver.py", line 747, in __init__
    self.handle()
  File "/Library/Developer/CommandLineTools/Library/Frameworks/Python3.framework/Versions/3.9/lib/python3.9/http/server.py", line 436, in handle
    self.handle_one_request()
  File "/Library/Developer/CommandLineTools/Library/Frameworks/Python3.framework/Versions/3.9/lib/python3.9/http/server.py", line 402, in handle_one_request
    self.raw_requestline = self.rfile.readline(65537)
  File "/Library/Developer/CommandLineTools/Library/Frameworks/Python3.framework/Versions/3.9/lib/python3.9/socket.py", line 704, in readinto
    return self._sock.recv_into(b)
ConnectionResetError: [Errno 54] Connection reset by peer
----------------------------------------
----------------------------------------
Exception occurred during processing of request from ('127.0.0.1', 49280)
Traceback (most recent call last):
  File "/Library/Developer/CommandLineTools/Library/Frameworks/Python3.framework/Versions/3.9/lib/python3.9/socketserver.py", line 683, in process_request_thread
    self.finish_request(request, client_address)
  File "/Library/Developer/CommandLineTools/Library/Frameworks/Python3.framework/Versions/3.9/lib/python3.9/socketserver.py", line 360, in finish_request
    self.RequestHandlerClass(request, client_address, self)
  File "/Library/Developer/CommandLineTools/Library/Frameworks/Python3.framework/Versions/3.9/lib/python3.9/socketserver.py", line 747, in __init__
    self.handle()
  File "/Library/Developer/CommandLineTools/Library/Frameworks/Python3.framework/Versions/3.9/lib/python3.9/http/server.py", line 436, in handle
    self.handle_one_request()
  File "/Library/Developer/CommandLineTools/Library/Frameworks/Python3.framework/Versions/3.9/lib/python3.9/http/server.py", line 402, in handle_one_request
    self.raw_requestline = self.rfile.readline(65537)
  File "/Library/Developer/CommandLineTools/Library/Frameworks/Python3.framework/Versions/3.9/lib/python3.9/socket.py", line 704, in readinto
    return self._sock.recv_into(b)
ConnectionResetError: [Errno 54] Connection reset by peer
----------------------------------------
----------------------------------------
Exception occurred during processing of request from ('127.0.0.1', 60318)
Traceback (most recent call last):
  File "/Library/Developer/CommandLineTools/Library/Frameworks/Python3.framework/Versions/3.9/lib/python3.9/socketserver.py", line 683, in process_request_thread
    self.finish_request(request, client_address)
  File "/Library/Developer/CommandLineTools/Library/Frameworks/Python3.framework/Versions/3.9/lib/python3.9/socketserver.py", line 360, in finish_request
    self.RequestHandlerClass(request, client_address, self)
  File "/Library/Developer/CommandLineTools/Library/Frameworks/Python3.framework/Versions/3.9/lib/python3.9/socketserver.py", line 747, in __init__
    self.handle()
  File "/Library/Developer/CommandLineTools/Library/Frameworks/Python3.framework/Versions/3.9/lib/python3.9/http/server.py", line 436, in handle
    self.handle_one_request()
  File "/Library/Developer/CommandLineTools/Library/Frameworks/Python3.framework/Versions/3.9/lib/python3.9/http/server.py", line 402, in handle_one_request
    self.raw_requestline = self.rfile.readline(65537)
  File "/Library/Developer/CommandLineTools/Library/Frameworks/Python3.framework/Versions/3.9/lib/python3.9/socket.py", line 704, in readinto
    return self._sock.recv_into(b)
ConnectionResetError: [Errno 54] Connection reset by peer
----------------------------------------
Traceback (most recent call last):
  File "/Users/coreyleung/dsh-collab/scripts/blackboard-events.py", line 103, in <module>
    main()
  File "/Users/coreyleung/dsh-collab/scripts/blackboard-events.py", line 97, in main
    srv = ThreadingHTTPServer(("0.0.0.0", args.port), H)
  File "/Library/Developer/CommandLineTools/Library/Frameworks/Python3.framework/Versions/3.9/lib/python3.9/socketserver.py", line 452, in __init__
    self.server_bind()
  File "/Library/Developer/CommandLineTools/Library/Frameworks/Python3.framework/Versions/3.9/lib/python3.9/http/server.py", line 138, in server_bind
    socketserver.TCPServer.server_bind(self)
  File "/Library/Developer/CommandLineTools/Library/Frameworks/Python3.framework/Versions/3.9/lib/python3.9/socketserver.py", line 466, in server_bind
    self.socket.bind(self.server_address)
OSError: [Errno 48] Address already in use
Traceback (most recent call last):
  File "/Users/coreyleung/dsh-collab/scripts/blackboard-events.py", line 103, in <module>
    main()
  File "/Users/coreyleung/dsh-collab/scripts/blackboard-events.py", line 97, in main
    srv = ThreadingHTTPServer(("0.0.0.0", args.port), H)
  File "/Library/Developer/CommandLineTools/Library/Frameworks/Python3.framework/Versions/3.9/lib/python3.9/socketserver.py", line 452, in __init__
    self.server_bind()
  File "/Library/Developer/CommandLineTools/Library/Frameworks/Python3.framework/Versions/3.9/lib/python3.9/http/server.py", line 138, in server_bind
    socketserver.TCPServer.server_bind(self)
  File "/Library/Developer/CommandLineTools/Library/Frameworks/Python3.framework/Versions/3.9/lib/python3.9/socketserver.py", line 466, in server_bind
    self.socket.bind(self.server_address)
OSError: [Errno 48] Address already in use
Traceback (most recent call last):
  File "/Users/coreyleung/dsh-collab/scripts/blackboard-events.py", line 103, in <module>
    main()
  File "/Users/coreyleung/dsh-collab/scripts/blackboard-events.py", line 97, in main
    srv = ThreadingHTTPServer(("0.0.0.0", args.port), H)
  File "/Library/Developer/CommandLineTools/Library/Frameworks/Python3.framework/Versions/3.9/lib/python3.9/socketserver.py", line 452, in __init__
    self.server_bind()
  File "/Library/Developer/CommandLineTools/Library/Frameworks/Python3.framework/Versions/3.9/lib/python3.9/http/server.py", line 138, in server_bind
    socketserver.TCPServer.server_bind(self)
  File "/Library/Developer/CommandLineTools/Library/Frameworks/Python3.framework/Versions/3.9/lib/python3.9/socketserver.py", line 466, in server_bind
    self.socket.bind(self.server_address)
OSError: [Errno 48] Address already in use
Traceback (most recent call last):
  File "/Users/coreyleung/dsh-collab/scripts/blackboard-events.py", line 103, in <module>
    main()
  File "/Users/coreyleung/dsh-collab/scripts/blackboard-events.py", line 97, in main
    srv = ThreadingHTTPServer(("0.0.0.0", args.port), H)
  File "/Library/Developer/CommandLineTools/Library/Frameworks/Python3.framework/Versions/3.9/lib/python3.9/socketserver.py", line 452, in __init__
    self.server_bind()
  File "/Library/Developer/CommandLineTools/Library/Frameworks/Python3.framework/Versions/3.9/lib/python3.9/http/server.py", line 138, in server_bind
    socketserver.TCPServer.server_bind(self)
  File "/Library/Developer/CommandLineTools/Library/Frameworks/Python3.framework/Versions/3.9/lib/python3.9/socketserver.py", line 466, in server_bind
    self.socket.bind(self.server_address)
OSError: [Errno 48] Address already in use
Traceback (most recent call last):
  File "/Users/coreyleung/dsh-collab/scripts/blackboard-events.py", line 103, in <module>
    main()
  File "/Users/coreyleung/dsh-collab/scripts/blackboard-events.py", line 97, in main
    srv = ThreadingHTTPServer(("0.0.0.0", args.port), H)
  File "/Library/Developer/CommandLineTools/Library/Frameworks/Python3.framework/Versions/3.9/lib/python3.9/socketserver.py", line 452, in __init__
    self.server_bind()
  File "/Library/Developer/CommandLineTools/Library/Frameworks/Python3.framework/Versions/3.9/lib/python3.9/http/server.py", line 138, in server_bind
    socketserver.TCPServer.server_bind(self)
  File "/Library/Developer/CommandLineTools/Library/Frameworks/Python3.framework/Versions/3.9/lib/python3.9/socketserver.py", line 466, in server_bind
    self.socket.bind(self.server_address)
OSError: [Errno 48] Address already in use
Traceback (most recent call last):
  File "/Users/coreyleung/dsh-collab/scripts/blackboard-events.py", line 103, in <module>
    main()
  File "/Users/coreyleung/dsh-collab/scripts/blackboard-events.py", line 97, in main
    srv = ThreadingHTTPServer(("0.0.0.0", args.port), H)
  File "/Library/Developer/CommandLineTools/Library/Frameworks/Python3.framework/Versions/3.9/lib/python3.9/socketserver.py", line 452, in __init__
    self.server_bind()
  File "/Library/Developer/CommandLineTools/Library/Frameworks/Python3.framework/Versions/3.9/lib/python3.9/http/server.py", line 138, in server_bind
    socketserver.TCPServer.server_bind(self)
  File "/Library/Developer/CommandLineTools/Library/Frameworks/Python3.framework/Versions/3.9/lib/python3.9/socketserver.py", line 466, in server_bind
    self.socket.bind(self.server_address)
OSError: [Errno 48] Address already in use
Traceback (most recent call last):
  File "/Users/coreyleung/dsh-collab/scripts/blackboard-events.py", line 103, in <module>
    main()
  File "/Users/coreyleung/dsh-collab/scripts/blackboard-events.py", line 97, in main
    srv = ThreadingHTTPServer(("0.0.0.0", args.port), H)
  File "/Library/Developer/CommandLineTools/Library/Frameworks/Python3.framework/Versions/3.9/lib/python3.9/socketserver.py", line 452, in __init__
    self.server_bind()
  File "/Library/Developer/CommandLineTools/Library/Frameworks/Python3.framework/Versions/3.9/lib/python3.9/http/server.py", line 138, in server_bind
    socketserver.TCPServer.server_bind(self)
  File "/Library/Developer/CommandLineTools/Library/Frameworks/Python3.framework/Versions/3.9/lib/python3.9/socketserver.py", line 466, in server_bind
    self.socket.bind(self.server_address)
OSError: [Errno 48] Address already in use
Traceback (most recent call last):
  File "/Users/coreyleung/dsh-collab/scripts/blackboard-events.py", line 103, in <module>
    main()
  File "/Users/coreyleung/dsh-collab/scripts/blackboard-events.py", line 97, in main
    srv = ThreadingHTTPServer(("0.0.0.0", args.port), H)
  File "/Library/Developer/CommandLineTools/Library/Frameworks/Python3.framework/Versions/3.9/lib/python3.9/socketserver.py", line 452, in __init__
    self.server_bind()
  File "/Library/Developer/CommandLineTools/Library/Frameworks/Python3.framework/Versions/3.9/lib/python3.9/http/server.py", line 138, in server_bind
    socketserver.TCPServer.server_bind(self)
  File "/Library/Developer/CommandLineTools/Library/Frameworks/Python3.framework/Versions/3.9/lib/python3.9/socketserver.py", line 466, in server_bind
    self.socket.bind(self.server_address)
OSError: [Errno 48] Address already in use
Traceback (most recent call last):
  File "/Users/coreyleung/dsh-collab/scripts/blackboard-events.py", line 103, in <module>
    main()
  File "/Users/coreyleung/dsh-collab/scripts/blackboard-events.py", line 97, in main
    srv = ThreadingHTTPServer(("0.0.0.0", args.port), H)
  File "/Library/Developer/CommandLineTools/Library/Frameworks/Python3.framework/Versions/3.9/lib/python3.9/socketserver.py", line 452, in __init__
    self.server_bind()
  File "/Library/Developer/CommandLineTools/Library/Frameworks/Python3.framework/Versions/3.9/lib/python3.9/http/server.py", line 138, in server_bind
    socketserver.TCPServer.server_bind(self)
  File "/Library/Developer/CommandLineTools/Library/Frameworks/Python3.framework/Versions/3.9/lib/python3.9/socketserver.py", line 466, in server_bind
    self.socket.bind(self.server_address)
OSError: [Errno 48] Address already in use
Traceback (most recent call last):
  File "/Users/coreyleung/dsh-collab/scripts/blackboard-events.py", line 103, in <module>
    main()
  File "/Users/coreyleung/dsh-collab/scripts/blackboard-events.py", line 97, in main
    srv = ThreadingHTTPServer(("0.0.0.0", args.port), H)
  File "/Library/Developer/CommandLineTools/Library/Frameworks/Python3.framework/Versions/3.9/lib/python3.9/socketserver.py", line 452, in __init__
    self.server_bind()
  File "/Library/Developer/CommandLineTools/Library/Frameworks/Python3.framework/Versions/3.9/lib/python3.9/http/server.py", line 138, in server_bind
    socketserver.TCPServer.server_bind(self)
  File "/Library/Developer/CommandLineTools/Library/Frameworks/Python3.framework/Versions/3.9/lib/python3.9/socketserver.py", line 466, in server_bind
    self.socket.bind(self.server_address)
OSError: [Errno 48] Address already in use
Traceback (most recent call last):
  File "/Users/coreyleung/dsh-collab/scripts/blackboard-events.py", line 103, in <module>
    main()
  File "/Users/coreyleung/dsh-collab/scripts/blackboard-events.py", line 97, in main
    srv = ThreadingHTTPServer(("0.0.0.0", args.port), H)
  File "/Library/Developer/CommandLineTools/Library/Frameworks/Python3.framework/Versions/3.9/lib/python3.9/socketserver.py", line 452, in __init__
    self.server_bind()
  File "/Library/Developer/CommandLineTools/Library/Frameworks/Python3.framework/Versions/3.9/lib/python3.9/http/server.py", line 138, in server_bind
    socketserver.TCPServer.server_bind(self)
  File "/Library/Developer/CommandLineTools/Library/Frameworks/Python3.framework/Versions/3.9/lib/python3.9/socketserver.py", line 466, in server_bind
    self.socket.bind(self.server_address)
OSError: [Errno 48] Address already in use
Traceback (most recent call last):
  File "/Users/coreyleung/dsh-collab/scripts/blackboard-events.py", line 103, in <module>
    main()
  File "/Users/coreyleung/dsh-collab/scripts/blackboard-events.py", line 97, in main
    srv = ThreadingHTTPServer(("0.0.0.0", args.port), H)
  File "/Library/Developer/CommandLineTools/Library/Frameworks/Python3.framework/Versions/3.9/lib/python3.9/socketserver.py", line 452, in __init__
    self.server_bind()
  File "/Library/Developer/CommandLineTools/Library/Frameworks/Python3.framework/Versions/3.9/lib/python3.9/http/server.py", line 138, in server_bind
    socketserver.TCPServer.server_bind(self)
  File "/Library/Developer/CommandLineTools/Library/Frameworks/Python3.framework/Versions/3.9/lib/python3.9/socketserver.py", line 466, in server_bind
    self.socket.bind(self.server_address)
OSError: [Errno 48] Address already in use
Traceback (most recent call last):
  File "/Users/coreyleung/dsh-collab/scripts/blackboard-events.py", line 103, in <module>
    main()
  File "/Users/coreyleung/dsh-collab/scripts/blackboard-events.py", line 97, in main
    srv = ThreadingHTTPServer(("0.0.0.0", args.port), H)
  File "/Library/Developer/CommandLineTools/Library/Frameworks/Python3.framework/Versions/3.9/lib/python3.9/socketserver.py", line 452, in __init__
    self.server_bind()
  File "/Library/Developer/CommandLineTools/Library/Frameworks/Python3.framework/Versions/3.9/lib/python3.9/http/server.py", line 138, in server_bind
    socketserver.TCPServer.server_bind(self)
  File "/Library/Developer/CommandLineTools/Library/Frameworks/Python3.framework/Versions/3.9/lib/python3.9/socketserver.py", line 466, in server_bind
    self.socket.bind(self.server_address)
OSError: [Errno 48] Address already in use
Traceback (most recent call last):
  File "/Users/coreyleung/dsh-collab/scripts/blackboard-events.py", line 103, in <module>
    main()
  File "/Users/coreyleung/dsh-collab/scripts/blackboard-events.py", line 97, in main
    srv = ThreadingHTTPServer(("0.0.0.0", args.port), H)
  File "/Library/Developer/CommandLineTools/Library/Frameworks/Python3.framework/Versions/3.9/lib/python3.9/socketserver.py", line 452, in __init__
    self.server_bind()
  File "/Library/Developer/CommandLineTools/Library/Frameworks/Python3.framework/Versions/3.9/lib/python3.9/http/server.py", line 138, in server_bind
    socketserver.TCPServer.server_bind(self)
  File "/Library/Developer/CommandLineTools/Library/Frameworks/Python3.framework/Versions/3.9/lib/python3.9/socketserver.py", line 466, in server_bind
    self.socket.bind(self.server_address)
OSError: [Errno 48] Address already in use
Traceback (most recent call last):
  File "/Users/coreyleung/dsh-collab/scripts/blackboard-events.py", line 103, in <module>
    main()
  File "/Users/coreyleung/dsh-collab/scripts/blackboard-events.py", line 97, in main
    srv = ThreadingHTTPServer(("0.0.0.0", args.port), H)
  File "/Library/Developer/CommandLineTools/Library/Frameworks/Python3.framework/Versions/3.9/lib/python3.9/socketserver.py", line 452, in __init__
    self.server_bind()
  File "/Library/Developer/CommandLineTools/Library/Frameworks/Python3.framework/Versions/3.9/lib/python3.9/http/server.py", line 138, in server_bind
    socketserver.TCPServer.server_bind(self)
  File "/Library/Developer/CommandLineTools/Library/Frameworks/Python3.framework/Versions/3.9/lib/python3.9/socketserver.py", line 466, in server_bind
    self.socket.bind(self.server_address)
OSError: [Errno 48] Address already in use
Traceback (most recent call last):
  File "/Users/coreyleung/dsh-collab/scripts/blackboard-events.py", line 103, in <module>
    main()
  File "/Users/coreyleung/dsh-collab/scripts/blackboard-events.py", line 97, in main
    srv = ThreadingHTTPServer(("0.0.0.0", args.port), H)
  File "/Library/Developer/CommandLineTools/Library/Frameworks/Python3.framework/Versions/3.9/lib/python3.9/socketserver.py", line 452, in __init__
    self.server_bind()
  File "/Library/Developer/CommandLineTools/Library/Frameworks/Python3.framework/Versions/3.9/lib/python3.9/http/server.py", line 138, in server_bind
    socketserver.TCPServer.server_bind(self)
  File "/Library/Developer/CommandLineTools/Library/Frameworks/Python3.framework/Versions/3.9/lib/python3.9/socketserver.py", line 466, in server_bind
    self.socket.bind(self.server_address)
OSError: [Errno 48] Address already in use
Traceback (most recent call last):
  File "/Users/coreyleung/dsh-collab/scripts/blackboard-events.py", line 103, in <module>
    main()
  File "/Users/coreyleung/dsh-collab/scripts/blackboard-events.py", line 97, in main
    srv = ThreadingHTTPServer(("0.0.0.0", args.port), H)
  File "/Library/Developer/CommandLineTools/Library/Frameworks/Python3.framework/Versions/3.9/lib/python3.9/socketserver.py", line 452, in __init__
    self.server_bind()
  File "/Library/Developer/CommandLineTools/Library/Frameworks/Python3.framework/Versions/3.9/lib/python3.9/http/server.py", line 138, in server_bind
    socketserver.TCPServer.server_bind(self)
  File "/Library/Developer/CommandLineTools/Library/Frameworks/Python3.framework/Versions/3.9/lib/python3.9/socketserver.py", line 466, in server_bind
    self.socket.bind(self.server_address)
OSError: [Errno 48] Address already in use
Traceback (most recent call last):
  File "/Users/coreyleung/dsh-collab/scripts/blackboard-events.py", line 103, in <module>
    main()
  File "/Users/coreyleung/dsh-collab/scripts/blackboard-events.py", line 97, in main
    srv = ThreadingHTTPServer(("0.0.0.0", args.port), H)
  File "/Library/Developer/CommandLineTools/Library/Frameworks/Python3.framework/Versions/3.9/lib/python3.9/socketserver.py", line 452, in __init__
    self.server_bind()
  File "/Library/Developer/CommandLineTools/Library/Frameworks/Python3.framework/Versions/3.9/lib/python3.9/http/server.py", line 138, in server_bind
    socketserver.TCPServer.server_bind(self)
  File "/Library/Developer/CommandLineTools/Library/Frameworks/Python3.framework/Versions/3.9/lib/python3.9/socketserver.py", line 466, in server_bind
    self.socket.bind(self.server_address)
OSError: [Errno 48] Address already in use
Traceback (most recent call last):
  File "/Users/coreyleung/dsh-collab/scripts/blackboard-events.py", line 103, in <module>
    main()
  File "/Users/coreyleung/dsh-collab/scripts/blackboard-events.py", line 97, in main
    srv = ThreadingHTTPServer(("0.0.0.0", args.port), H)
  File "/Library/Developer/CommandLineTools/Library/Frameworks/Python3.framework/Versions/3.9/lib/python3.9/socketserver.py", line 452, in __init__
    self.server_bind()
  File "/Library/Developer/CommandLineTools/Library/Frameworks/Python3.framework/Versions/3.9/lib/python3.9/http/server.py", line 138, in server_bind
    socketserver.TCPServer.server_bind(self)
  File "/Library/Developer/CommandLineTools/Library/Frameworks/Python3.framework/Versions/3.9/lib/python3.9/socketserver.py", line 466, in server_bind
    self.socket.bind(self.server_address)
OSError: [Errno 48] Address already in use
Traceback (most recent call last):
  File "/Users/coreyleung/dsh-collab/scripts/blackboard-events.py", line 103, in <module>
    main()
  File "/Users/coreyleung/dsh-collab/scripts/blackboard-events.py", line 97, in main
    srv = ThreadingHTTPServer(("0.0.0.0", args.port), H)
  File "/Library/Developer/CommandLineTools/Library/Frameworks/Python3.framework/Versions/3.9/lib/python3.9/socketserver.py", line 452, in __init__
    self.server_bind()
  File "/Library/Developer/CommandLineTools/Library/Frameworks/Python3.framework/Versions/3.9/lib/python3.9/http/server.py", line 138, in server_bind
    socketserver.TCPServer.server_bind(self)
  File "/Library/Developer/CommandLineTools/Library/Frameworks/Python3.framework/Versions/3.9/lib/python3.9/socketserver.py", line 466, in server_bind
    self.socket.bind(self.server_address)
OSError: [Errno 48] Address already in use
Traceback (most recent call last):
  File "/Users/coreyleung/dsh-collab/scripts/blackboard-events.py", line 103, in <module>
    main()
  File "/Users/coreyleung/dsh-collab/scripts/blackboard-events.py", line 97, in main
    srv = ThreadingHTTPServer(("0.0.0.0", args.port), H)
  File "/Library/Developer/CommandLineTools/Library/Frameworks/Python3.framework/Versions/3.9/lib/python3.9/socketserver.py", line 452, in __init__
    self.server_bind()
  File "/Library/Developer/CommandLineTools/Library/Frameworks/Python3.framework/Versions/3.9/lib/python3.9/http/server.py", line 138, in server_bind
    socketserver.TCPServer.server_bind(self)
  File "/Library/Developer/CommandLineTools/Library/Frameworks/Python3.framework/Versions/3.9/lib/python3.9/socketserver.py", line 466, in server_bind
    self.socket.bind(self.server_address)
OSError: [Errno 48] Address already in use
Traceback (most recent call last):
  File "/Users/coreyleung/dsh-collab/scripts/blackboard-events.py", line 103, in <module>
    main()
  File "/Users/coreyleung/dsh-collab/scripts/blackboard-events.py", line 97, in main
    srv = ThreadingHTTPServer(("0.0.0.0", args.port), H)
  File "/Library/Developer/CommandLineTools/Library/Frameworks/Python3.framework/Versions/3.9/lib/python3.9/socketserver.py", line 452, in __init__
    self.server_bind()
  File "/Library/Developer/CommandLineTools/Library/Frameworks/Python3.framework/Versions/3.9/lib/python3.9/http/server.py", line 138, in server_bind
    socketserver.TCPServer.server_bind(self)
  File "/Library/Developer/CommandLineTools/Library/Frameworks/Python3.framework/Versions/3.9/lib/python3.9/socketserver.py", line 466, in server_bind
    self.socket.bind(self.server_address)
OSError: [Errno 48] Address already in use
Traceback (most recent call last):
  File "/Users/coreyleung/dsh-collab/scripts/blackboard-events.py", line 103, in <module>
    main()
  File "/Users/coreyleung/dsh-collab/scripts/blackboard-events.py", line 97, in main
    srv = ThreadingHTTPServer(("0.0.0.0", args.port), H)
  File "/Library/Developer/CommandLineTools/Library/Frameworks/Python3.framework/Versions/3.9/lib/python3.9/socketserver.py", line 452, in __init__
    self.server_bind()
  File "/Library/Developer/CommandLineTools/Library/Frameworks/Python3.framework/Versions/3.9/lib/python3.9/http/server.py", line 138, in server_bind
    socketserver.TCPServer.server_bind(self)
  File "/Library/Developer/CommandLineTools/Library/Frameworks/Python3.framework/Versions/3.9/lib/python3.9/socketserver.py", line 466, in server_bind
    self.socket.bind(self.server_address)
OSError: [Errno 48] Address already in use
Traceback (most recent call last):
  File "/Users/coreyleung/dsh-collab/scripts/blackboard-events.py", line 103, in <module>
    main()
  File "/Users/coreyleung/dsh-collab/scripts/blackboard-events.py", line 97, in main
    srv = ThreadingHTTPServer(("0.0.0.0", args.port), H)
  File "/Library/Developer/CommandLineTools/Library/Frameworks/Python3.framework/Versions/3.9/lib/python3.9/socketserver.py", line 452, in __init__
    self.server_bind()
  File "/Library/Developer/CommandLineTools/Library/Frameworks/Python3.framework/Versions/3.9/lib/python3.9/http/server.py", line 138, in server_bind
    socketserver.TCPServer.server_bind(self)
  File "/Library/Developer/CommandLineTools/Library/Frameworks/Python3.framework/Versions/3.9/lib/python3.9/socketserver.py", line 466, in server_bind
    self.socket.bind(self.server_address)
OSError: [Errno 48] Address already in use
Traceback (most recent call last):
  File "/Users/coreyleung/dsh-collab/scripts/blackboard-events.py", line 103, in <module>
    main()
  File "/Users/coreyleung/dsh-collab/scripts/blackboard-events.py", line 97, in main
    srv = ThreadingHTTPServer(("0.0.0.0", args.port), H)
  File "/Library/Developer/CommandLineTools/Library/Frameworks/Python3.framework/Versions/3.9/lib/python3.9/socketserver.py", line 452, in __init__
    self.server_bind()
  File "/Library/Developer/CommandLineTools/Library/Frameworks/Python3.framework/Versions/3.9/lib/python3.9/http/server.py", line 138, in server_bind
    socketserver.TCPServer.server_bind(self)
  File "/Library/Developer/CommandLineTools/Library/Frameworks/Python3.framework/Versions/3.9/lib/python3.9/socketserver.py", line 466, in server_bind
    self.socket.bind(self.server_address)
OSError: [Errno 48] Address already in use
Traceback (most recent call last):
  File "/Users/coreyleung/dsh-collab/scripts/blackboard-events.py", line 103, in <module>
    main()
  File "/Users/coreyleung/dsh-collab/scripts/blackboard-events.py", line 97, in main
    srv = ThreadingHTTPServer(("0.0.0.0", args.port), H)
  File "/Library/Developer/CommandLineTools/Library/Frameworks/Python3.framework/Versions/3.9/lib/python3.9/socketserver.py", line 452, in __init__
    self.server_bind()
  File "/Library/Developer/CommandLineTools/Library/Frameworks/Python3.framework/Versions/3.9/lib/python3.9/http/server.py", line 138, in server_bind
    socketserver.TCPServer.server_bind(self)
  File "/Library/Developer/CommandLineTools/Library/Frameworks/Python3.framework/Versions/3.9/lib/python3.9/socketserver.py", line 466, in server_bind
    self.socket.bind(self.server_address)
OSError: [Errno 48] Address already in use
Traceback (most recent call last):
  File "/Users/coreyleung/dsh-collab/scripts/blackboard-events.py", line 103, in <module>
    main()
  File "/Users/coreyleung/dsh-collab/scripts/blackboard-events.py", line 97, in main
    srv = ThreadingHTTPServer(("0.0.0.0", args.port), H)
  File "/Library/Developer/CommandLineTools/Library/Frameworks/Python3.framework/Versions/3.9/lib/python3.9/socketserver.py", line 452, in __init__
    self.server_bind()
  File "/Library/Developer/CommandLineTools/Library/Frameworks/Python3.framework/Versions/3.9/lib/python3.9/http/server.py", line 138, in server_bind
    socketserver.TCPServer.server_bind(self)
  File "/Library/Developer/CommandLineTools/Library/Frameworks/Python3.framework/Versions/3.9/lib/python3.9/socketserver.py", line 466, in server_bind
    self.socket.bind(self.server_address)
OSError: [Errno 48] Address already in use
Traceback (most recent call last):
  File "/Users/coreyleung/dsh-collab/scripts/blackboard-events.py", line 103, in <module>
    main()
  File "/Users/coreyleung/dsh-collab/scripts/blackboard-events.py", line 97, in main
    srv = ThreadingHTTPServer(("0.0.0.0", args.port), H)
  File "/Library/Developer/CommandLineTools/Library/Frameworks/Python3.framework/Versions/3.9/lib/python3.9/socketserver.py", line 452, in __init__
    self.server_bind()
  File "/Library/Developer/CommandLineTools/Library/Frameworks/Python3.framework/Versions/3.9/lib/python3.9/http/server.py", line 138, in server_bind
    socketserver.TCPServer.server_bind(self)
  File "/Library/Developer/CommandLineTools/Library/Frameworks/Python3.framework/Versions/3.9/lib/python3.9/socketserver.py", line 466, in server_bind
    self.socket.bind(self.server_address)
OSError: [Errno 48] Address already in use
Traceback (most recent call last):
  File "/Users/coreyleung/dsh-collab/scripts/blackboard-events.py", line 103, in <module>
    main()
  File "/Users/coreyleung/dsh-collab/scripts/blackboard-events.py", line 97, in main
    srv = ThreadingHTTPServer(("0.0.0.0", args.port), H)
  File "/Library/Developer/CommandLineTools/Library/Frameworks/Python3.framework/Versions/3.9/lib/python3.9/socketserver.py", line 452, in __init__
    self.server_bind()
  File "/Library/Developer/CommandLineTools/Library/Frameworks/Python3.framework/Versions/3.9/lib/python3.9/http/server.py", line 138, in server_bind
    socketserver.TCPServer.server_bind(self)
  File "/Library/Developer/CommandLineTools/Library/Frameworks/Python3.framework/Versions/3.9/lib/python3.9/socketserver.py", line 466, in server_bind
    self.socket.bind(self.server_address)
OSError: [Errno 48] Address already in use
Traceback (most recent call last):
  File "/Users/coreyleung/dsh-collab/scripts/blackboard-events.py", line 103, in <module>
    main()
  File "/Users/coreyleung/dsh-collab/scripts/blackboard-events.py", line 97, in main
    srv = ThreadingHTTPServer(("0.0.0.0", args.port), H)
  File "/Library/Developer/CommandLineTools/Library/Frameworks/Python3.framework/Versions/3.9/lib/python3.9/socketserver.py", line 452, in __init__
    self.server_bind()
  File "/Library/Developer/CommandLineTools/Library/Frameworks/Python3.framework/Versions/3.9/lib/python3.9/http/server.py", line 138, in server_bind
    socketserver.TCPServer.server_bind(self)
  File "/Library/Developer/CommandLineTools/Library/Frameworks/Python3.framework/Versions/3.9/lib/python3.9/socketserver.py", line 466, in server_bind
    self.socket.bind(self.server_address)
OSError: [Errno 48] Address already in use
Traceback (most recent call last):
  File "/Users/coreyleung/dsh-collab/scripts/blackboard-events.py", line 103, in <module>
    main()
  File "/Users/coreyleung/dsh-collab/scripts/blackboard-events.py", line 97, in main
    srv = ThreadingHTTPServer(("0.0.0.0", args.port), H)
  File "/Library/Developer/CommandLineTools/Library/Frameworks/Python3.framework/Versions/3.9/lib/python3.9/socketserver.py", line 452, in __init__
    self.server_bind()
  File "/Library/Developer/CommandLineTools/Library/Frameworks/Python3.framework/Versions/3.9/lib/python3.9/http/server.py", line 138, in server_bind
    socketserver.TCPServer.server_bind(self)
  File "/Library/Developer/CommandLineTools/Library/Frameworks/Python3.framework/Versions/3.9/lib/python3.9/socketserver.py", line 466, in server_bind
    self.socket.bind(self.server_address)
OSError: [Errno 48] Address already in use
Traceback (most recent call last):
  File "/Users/coreyleung/dsh-collab/scripts/blackboard-events.py", line 103, in <module>
    main()
  File "/Users/coreyleung/dsh-collab/scripts/blackboard-events.py", line 97, in main
    srv = ThreadingHTTPServer(("0.0.0.0", args.port), H)
  File "/Library/Developer/CommandLineTools/Library/Frameworks/Python3.framework/Versions/3.9/lib/python3.9/socketserver.py", line 452, in __init__
    self.server_bind()
  File "/Library/Developer/CommandLineTools/Library/Frameworks/Python3.framework/Versions/3.9/lib/python3.9/http/server.py", line 138, in server_bind
    socketserver.TCPServer.server_bind(self)
  File "/Library/Developer/CommandLineTools/Library/Frameworks/Python3.framework/Versions/3.9/lib/python3.9/socketserver.py", line 466, in server_bind
    self.socket.bind(self.server_address)
OSError: [Errno 48] Address already in use
Traceback (most recent call last):
  File "/Users/coreyleung/dsh-collab/scripts/blackboard-events.py", line 103, in <module>
    main()
  File "/Users/coreyleung/dsh-collab/scripts/blackboard-events.py", line 97, in main
    srv = ThreadingHTTPServer(("0.0.0.0", args.port), H)
  File "/Library/Developer/CommandLineTools/Library/Frameworks/Python3.framework/Versions/3.9/lib/python3.9/socketserver.py", line 452, in __init__
    self.server_bind()
  File "/Library/Developer/CommandLineTools/Library/Frameworks/Python3.framework/Versions/3.9/lib/python3.9/http/server.py", line 138, in server_bind
    socketserver.TCPServer.server_bind(self)
  File "/Library/Developer/CommandLineTools/Library/Frameworks/Python3.framework/Versions/3.9/lib/python3.9/socketserver.py", line 466, in server_bind
    self.socket.bind(self.server_address)
OSError: [Errno 48] Address already in use
Traceback (most recent call last):
  File "/Users/coreyleung/dsh-collab/scripts/blackboard-events.py", line 103, in <module>
    main()
  File "/Users/coreyleung/dsh-collab/scripts/blackboard-events.py", line 97, in main
    srv = ThreadingHTTPServer(("0.0.0.0", args.port), H)
  File "/Library/Developer/CommandLineTools/Library/Frameworks/Python3.framework/Versions/3.9/lib/python3.9/socketserver.py", line 452, in __init__
    self.server_bind()
  File "/Library/Developer/CommandLineTools/Library/Frameworks/Python3.framework/Versions/3.9/lib/python3.9/http/server.py", line 138, in server_bind
    socketserver.TCPServer.server_bind(self)
  File "/Library/Developer/CommandLineTools/Library/Frameworks/Python3.framework/Versions/3.9/lib/python3.9/socketserver.py", line 466, in server_bind
    self.socket.bind(self.server_address)
OSError: [Errno 48] Address already in use
Traceback (most recent call last):
  File "/Users/coreyleung/dsh-collab/scripts/blackboard-events.py", line 103, in <module>
    main()
  File "/Users/coreyleung/dsh-collab/scripts/blackboard-events.py", line 97, in main
    srv = ThreadingHTTPServer(("0.0.0.0", args.port), H)
  File "/Library/Developer/CommandLineTools/Library/Frameworks/Python3.framework/Versions/3.9/lib/python3.9/socketserver.py", line 452, in __init__
    self.server_bind()
  File "/Library/Developer/CommandLineTools/Library/Frameworks/Python3.framework/Versions/3.9/lib/python3.9/http/server.py", line 138, in server_bind
    socketserver.TCPServer.server_bind(self)
  File "/Library/Developer/CommandLineTools/Library/Frameworks/Python3.framework/Versions/3.9/lib/python3.9/socketserver.py", line 466, in server_bind
    self.socket.bind(self.server_address)
OSError: [Errno 48] Address already in use
Traceback (most recent call last):
  File "/Users/coreyleung/dsh-collab/scripts/blackboard-events.py", line 103, in <module>
    main()
  File "/Users/coreyleung/dsh-collab/scripts/blackboard-events.py", line 97, in main
    srv = ThreadingHTTPServer(("0.0.0.0", args.port), H)
  File "/Library/Developer/CommandLineTools/Library/Frameworks/Python3.framework/Versions/3.9/lib/python3.9/socketserver.py", line 452, in __init__
    self.server_bind()
  File "/Library/Developer/CommandLineTools/Library/Frameworks/Python3.framework/Versions/3.9/lib/python3.9/http/server.py", line 138, in server_bind
    socketserver.TCPServer.server_bind(self)
  File "/Library/Developer/CommandLineTools/Library/Frameworks/Python3.framework/Versions/3.9/lib/python3.9/socketserver.py", line 466, in server_bind
    self.socket.bind(self.server_address)
OSError: [Errno 48] Address already in use
Traceback (most recent call last):
  File "/Users/coreyleung/dsh-collab/scripts/blackboard-events.py", line 103, in <module>
    main()
  File "/Users/coreyleung/dsh-collab/scripts/blackboard-events.py", line 97, in main
    srv = ThreadingHTTPServer(("0.0.0.0", args.port), H)
  File "/Library/Developer/CommandLineTools/Library/Frameworks/Python3.framework/Versions/3.9/lib/python3.9/socketserver.py", line 452, in __init__
    self.server_bind()
  File "/Library/Developer/CommandLineTools/Library/Frameworks/Python3.framework/Versions/3.9/lib/python3.9/http/server.py", line 138, in server_bind
    socketserver.TCPServer.server_bind(self)
  File "/Library/Developer/CommandLineTools/Library/Frameworks/Python3.framework/Versions/3.9/lib/python3.9/socketserver.py", line 466, in server_bind
    self.socket.bind(self.server_address)
OSError: [Errno 48] Address already in use
Traceback (most recent call last):
  File "/Users/coreyleung/dsh-collab/scripts/blackboard-events.py", line 103, in <module>
    main()
  File "/Users/coreyleung/dsh-collab/scripts/blackboard-events.py", line 97, in main
    srv = ThreadingHTTPServer(("0.0.0.0", args.port), H)
  File "/Library/Developer/CommandLineTools/Library/Frameworks/Python3.framework/Versions/3.9/lib/python3.9/socketserver.py", line 452, in __init__
    self.server_bind()
  File "/Library/Developer/CommandLineTools/Library/Frameworks/Python3.framework/Versions/3.9/lib/python3.9/http/server.py", line 138, in server_bind
    socketserver.TCPServer.server_bind(self)
  File "/Library/Developer/CommandLineTools/Library/Frameworks/Python3.framework/Versions/3.9/lib/python3.9/socketserver.py", line 466, in server_bind
    self.socket.bind(self.server_address)
OSError: [Errno 48] Address already in use
Traceback (most recent call last):
  File "/Users/coreyleung/dsh-collab/scripts/blackboard-events.py", line 103, in <module>
    main()
  File "/Users/coreyleung/dsh-collab/scripts/blackboard-events.py", line 97, in main
    srv = ThreadingHTTPServer(("0.0.0.0", args.port), H)
  File "/Library/Developer/CommandLineTools/Library/Frameworks/Python3.framework/Versions/3.9/lib/python3.9/socketserver.py", line 452, in __init__
    self.server_bind()
  File "/Library/Developer/CommandLineTools/Library/Frameworks/Python3.framework/Versions/3.9/lib/python3.9/http/server.py", line 138, in server_bind
    socketserver.TCPServer.server_bind(self)
  File "/Library/Developer/CommandLineTools/Library/Frameworks/Python3.framework/Versions/3.9/lib/python3.9/socketserver.py", line 466, in server_bind
    self.socket.bind(self.server_address)
OSError: [Errno 48] Address already in use
Traceback (most recent call last):
  File "/Users/coreyleung/dsh-collab/scripts/blackboard-events.py", line 103, in <module>
    main()
  File "/Users/coreyleung/dsh-collab/scripts/blackboard-events.py", line 97, in main
    srv = ThreadingHTTPServer(("0.0.0.0", args.port), H)
  File "/Library/Developer/CommandLineTools/Library/Frameworks/Python3.framework/Versions/3.9/lib/python3.9/socketserver.py", line 452, in __init__
    self.server_bind()
  File "/Library/Developer/CommandLineTools/Library/Frameworks/Python3.framework/Versions/3.9/lib/python3.9/http/server.py", line 138, in server_bind
    socketserver.TCPServer.server_bind(self)
  File "/Library/Developer/CommandLineTools/Library/Frameworks/Python3.framework/Versions/3.9/lib/python3.9/socketserver.py", line 466, in server_bind
    self.socket.bind(self.server_address)
OSError: [Errno 48] Address already in use
Traceback (most recent call last):
  File "/Users/coreyleung/dsh-collab/scripts/blackboard-events.py", line 103, in <module>
    main()
  File "/Users/coreyleung/dsh-collab/scripts/blackboard-events.py", line 97, in main
    srv = ThreadingHTTPServer(("0.0.0.0", args.port), H)
  File "/Library/Developer/CommandLineTools/Library/Frameworks/Python3.framework/Versions/3.9/lib/python3.9/socketserver.py", line 452, in __init__
    self.server_bind()
  File "/Library/Developer/CommandLineTools/Library/Frameworks/Python3.framework/Versions/3.9/lib/python3.9/http/server.py", line 138, in server_bind
    socketserver.TCPServer.server_bind(self)
  File "/Library/Developer/CommandLineTools/Library/Frameworks/Python3.framework/Versions/3.9/lib/python3.9/socketserver.py", line 466, in server_bind
    self.socket.bind(self.server_address)
OSError: [Errno 48] Address already in use
Traceback (most recent call last):
  File "/Users/coreyleung/dsh-collab/scripts/blackboard-events.py", line 103, in <module>
    main()
  File "/Users/coreyleung/dsh-collab/scripts/blackboard-events.py", line 97, in main
    srv = ThreadingHTTPServer(("0.0.0.0", args.port), H)
  File "/Library/Developer/CommandLineTools/Library/Frameworks/Python3.framework/Versions/3.9/lib/python3.9/socketserver.py", line 452, in __init__
    self.server_bind()
  File "/Library/Developer/CommandLineTools/Library/Frameworks/Python3.framework/Versions/3.9/lib/python3.9/http/server.py", line 138, in server_bind
    socketserver.TCPServer.server_bind(self)
  File "/Library/Developer/CommandLineTools/Library/Frameworks/Python3.framework/Versions/3.9/lib/python3.9/socketserver.py", line 466, in server_bind
    self.socket.bind(self.server_address)
OSError: [Errno 48] Address already in use
Traceback (most recent call last):
  File "/Users/coreyleung/dsh-collab/scripts/blackboard-events.py", line 103, in <module>
    main()
  File "/Users/coreyleung/dsh-collab/scripts/blackboard-events.py", line 97, in main
    srv = ThreadingHTTPServer(("0.0.0.0", args.port), H)
  File "/Library/Developer/CommandLineTools/Library/Frameworks/Python3.framework/Versions/3.9/lib/python3.9/socketserver.py", line 452, in __init__
    self.server_bind()
  File "/Library/Developer/CommandLineTools/Library/Frameworks/Python3.framework/Versions/3.9/lib/python3.9/http/server.py", line 138, in server_bind
    socketserver.TCPServer.server_bind(self)
  File "/Library/Developer/CommandLineTools/Library/Frameworks/Python3.framework/Versions/3.9/lib/python3.9/socketserver.py", line 466, in server_bind
    self.socket.bind(self.server_address)
OSError: [Errno 48] Address already in use
Traceback (most recent call last):
  File "/Users/coreyleung/dsh-collab/scripts/blackboard-events.py", line 103, in <module>
    main()
  File "/Users/coreyleung/dsh-collab/scripts/blackboard-events.py", line 97, in main
    srv = ThreadingHTTPServer(("0.0.0.0", args.port), H)
  File "/Library/Developer/CommandLineTools/Library/Frameworks/Python3.framework/Versions/3.9/lib/python3.9/socketserver.py", line 452, in __init__
    self.server_bind()
  File "/Library/Developer/CommandLineTools/Library/Frameworks/Python3.framework/Versions/3.9/lib/python3.9/http/server.py", line 138, in server_bind
    socketserver.TCPServer.server_bind(self)
  File "/Library/Developer/CommandLineTools/Library/Frameworks/Python3.framework/Versions/3.9/lib/python3.9/socketserver.py", line 466, in server_bind
    self.socket.bind(self.server_address)
OSError: [Errno 48] Address already in use
Traceback (most recent call last):
  File "/Users/coreyleung/dsh-collab/scripts/blackboard-events.py", line 103, in <module>
    main()
  File "/Users/coreyleung/dsh-collab/scripts/blackboard-events.py", line 97, in main
    srv = ThreadingHTTPServer(("0.0.0.0", args.port), H)
  File "/Library/Developer/CommandLineTools/Library/Frameworks/Python3.framework/Versions/3.9/lib/python3.9/socketserver.py", line 452, in __init__
    self.server_bind()
  File "/Library/Developer/CommandLineTools/Library/Frameworks/Python3.framework/Versions/3.9/lib/python3.9/http/server.py", line 138, in server_bind
    socketserver.TCPServer.server_bind(self)
  File "/Library/Developer/CommandLineTools/Library/Frameworks/Python3.framework/Versions/3.9/lib/python3.9/socketserver.py", line 466, in server_bind
    self.socket.bind(self.server_address)
OSError: [Errno 48] Address already in use
Traceback (most recent call last):
  File "/Users/coreyleung/dsh-collab/scripts/blackboard-events.py", line 103, in <module>
    main()
  File "/Users/coreyleung/dsh-collab/scripts/blackboard-events.py", line 97, in main
    srv = ThreadingHTTPServer(("0.0.0.0", args.port), H)
  File "/Library/Developer/CommandLineTools/Library/Frameworks/Python3.framework/Versions/3.9/lib/python3.9/socketserver.py", line 452, in __init__
    self.server_bind()
  File "/Library/Developer/CommandLineTools/Library/Frameworks/Python3.framework/Versions/3.9/lib/python3.9/http/server.py", line 138, in server_bind
    socketserver.TCPServer.server_bind(self)
  File "/Library/Developer/CommandLineTools/Library/Frameworks/Python3.framework/Versions/3.9/lib/python3.9/socketserver.py", line 466, in server_bind
    self.socket.bind(self.server_address)
OSError: [Errno 48] Address already in use
Traceback (most recent call last):
  File "/Users/coreyleung/dsh-collab/scripts/blackboard-events.py", line 103, in <module>
    main()
  File "/Users/coreyleung/dsh-collab/scripts/blackboard-events.py", line 97, in main
    srv = ThreadingHTTPServer(("0.0.0.0", args.port), H)
  File "/Library/Developer/CommandLineTools/Library/Frameworks/Python3.framework/Versions/3.9/lib/python3.9/socketserver.py", line 452, in __init__
    self.server_bind()
  File "/Library/Developer/CommandLineTools/Library/Frameworks/Python3.framework/Versions/3.9/lib/python3.9/http/server.py", line 138, in server_bind
    socketserver.TCPServer.server_bind(self)
  File "/Library/Developer/CommandLineTools/Library/Frameworks/Python3.framework/Versions/3.9/lib/python3.9/socketserver.py", line 466, in server_bind
    self.socket.bind(self.server_address)
OSError: [Errno 48] Address already in use
Traceback (most recent call last):
  File "/Users/coreyleung/dsh-collab/scripts/blackboard-events.py", line 103, in <module>
    main()
  File "/Users/coreyleung/dsh-collab/scripts/blackboard-events.py", line 97, in main
    srv = ThreadingHTTPServer(("0.0.0.0", args.port), H)
  File "/Library/Developer/CommandLineTools/Library/Frameworks/Python3.framework/Versions/3.9/lib/python3.9/socketserver.py", line 452, in __init__
    self.server_bind()
  File "/Library/Developer/CommandLineTools/Library/Frameworks/Python3.framework/Versions/3.9/lib/python3.9/http/server.py", line 138, in server_bind
    socketserver.TCPServer.server_bind(self)
  File "/Library/Developer/CommandLineTools/Library/Frameworks/Python3.framework/Versions/3.9/lib/python3.9/socketserver.py", line 466, in server_bind
    self.socket.bind(self.server_address)
OSError: [Errno 48] Address already in use
Traceback (most recent call last):
  File "/Users/coreyleung/dsh-collab/scripts/blackboard-events.py", line 103, in <module>
    main()
  File "/Users/coreyleung/dsh-collab/scripts/blackboard-events.py", line 97, in main
    srv = ThreadingHTTPServer(("0.0.0.0", args.port), H)
  File "/Library/Developer/CommandLineTools/Library/Frameworks/Python3.framework/Versions/3.9/lib/python3.9/socketserver.py", line 452, in __init__
    self.server_bind()
  File "/Library/Developer/CommandLineTools/Library/Frameworks/Python3.framework/Versions/3.9/lib/python3.9/http/server.py", line 138, in server_bind
    socketserver.TCPServer.server_bind(self)
  File "/Library/Developer/CommandLineTools/Library/Frameworks/Python3.framework/Versions/3.9/lib/python3.9/socketserver.py", line 466, in server_bind
    self.socket.bind(self.server_address)
OSError: [Errno 48] Address already in use
Traceback (most recent call last):
  File "/Users/coreyleung/dsh-collab/scripts/blackboard-events.py", line 103, in <module>
    main()
  File "/Users/coreyleung/dsh-collab/scripts/blackboard-events.py", line 97, in main
    srv = ThreadingHTTPServer(("0.0.0.0", args.port), H)
  File "/Library/Developer/CommandLineTools/Library/Frameworks/Python3.framework/Versions/3.9/lib/python3.9/socketserver.py", line 452, in __init__
    self.server_bind()
  File "/Library/Developer/CommandLineTools/Library/Frameworks/Python3.framework/Versions/3.9/lib/python3.9/http/server.py", line 138, in server_bind
    socketserver.TCPServer.server_bind(self)
  File "/Library/Developer/CommandLineTools/Library/Frameworks/Python3.framework/Versions/3.9/lib/python3.9/socketserver.py", line 466, in server_bind
    self.socket.bind(self.server_address)
OSError: [Errno 48] Address already in use
Traceback (most recent call last):
  File "/Users/coreyleung/dsh-collab/scripts/blackboard-events.py", line 103, in <module>
    main()
  File "/Users/coreyleung/dsh-collab/scripts/blackboard-events.py", line 97, in main
    srv = ThreadingHTTPServer(("0.0.0.0", args.port), H)
  File "/Library/Developer/CommandLineTools/Library/Frameworks/Python3.framework/Versions/3.9/lib/python3.9/socketserver.py", line 452, in __init__
    self.server_bind()
  File "/Library/Developer/CommandLineTools/Library/Frameworks/Python3.framework/Versions/3.9/lib/python3.9/http/server.py", line 138, in server_bind
    socketserver.TCPServer.server_bind(self)
  File "/Library/Developer/CommandLineTools/Library/Frameworks/Python3.framework/Versions/3.9/lib/python3.9/socketserver.py", line 466, in server_bind
    self.socket.bind(self.server_address)
OSError: [Errno 48] Address already in use
Traceback (most recent call last):
  File "/Users/coreyleung/dsh-collab/scripts/blackboard-events.py", line 103, in <module>
    main()
  File "/Users/coreyleung/dsh-collab/scripts/blackboard-events.py", line 97, in main
    srv = ThreadingHTTPServer(("0.0.0.0", args.port), H)
  File "/Library/Developer/CommandLineTools/Library/Frameworks/Python3.framework/Versions/3.9/lib/python3.9/socketserver.py", line 452, in __init__
    self.server_bind()
  File "/Library/Developer/CommandLineTools/Library/Frameworks/Python3.framework/Versions/3.9/lib/python3.9/http/server.py", line 138, in server_bind
    socketserver.TCPServer.server_bind(self)
  File "/Library/Developer/CommandLineTools/Library/Frameworks/Python3.framework/Versions/3.9/lib/python3.9/socketserver.py", line 466, in server_bind
    self.socket.bind(self.server_address)
OSError: [Errno 48] Address already in use
Traceback (most recent call last):
  File "/Users/coreyleung/dsh-collab/scripts/blackboard-events.py", line 103, in <module>
    main()
  File "/Users/coreyleung/dsh-collab/scripts/blackboard-events.py", line 97, in main
    srv = ThreadingHTTPServer(("0.0.0.0", args.port), H)
  File "/Library/Developer/CommandLineTools/Library/Frameworks/Python3.framework/Versions/3.9/lib/python3.9/socketserver.py", line 452, in __init__
    self.server_bind()
  File "/Library/Developer/CommandLineTools/Library/Frameworks/Python3.framework/Versions/3.9/lib/python3.9/http/server.py", line 138, in server_bind
    socketserver.TCPServer.server_bind(self)
  File "/Library/Developer/CommandLineTools/Library/Frameworks/Python3.framework/Versions/3.9/lib/python3.9/socketserver.py", line 466, in server_bind
    self.socket.bind(self.server_address)
OSError: [Errno 48] Address already in use
Traceback (most recent call last):
  File "/Users/coreyleung/dsh-collab/scripts/blackboard-events.py", line 103, in <module>
    main()
  File "/Users/coreyleung/dsh-collab/scripts/blackboard-events.py", line 97, in main
    srv = ThreadingHTTPServer(("0.0.0.0", args.port), H)
  File "/Library/Developer/CommandLineTools/Library/Frameworks/Python3.framework/Versions/3.9/lib/python3.9/socketserver.py", line 452, in __init__
    self.server_bind()
  File "/Library/Developer/CommandLineTools/Library/Frameworks/Python3.framework/Versions/3.9/lib/python3.9/http/server.py", line 138, in server_bind
    socketserver.TCPServer.server_bind(self)
  File "/Library/Developer/CommandLineTools/Library/Frameworks/Python3.framework/Versions/3.9/lib/python3.9/socketserver.py", line 466, in server_bind
    self.socket.bind(self.server_address)
OSError: [Errno 48] Address already in use
Traceback (most recent call last):
  File "/Users/coreyleung/dsh-collab/scripts/blackboard-events.py", line 103, in <module>
    main()
  File "/Users/coreyleung/dsh-collab/scripts/blackboard-events.py", line 97, in main
    srv = ThreadingHTTPServer(("0.0.0.0", args.port), H)
  File "/Library/Developer/CommandLineTools/Library/Frameworks/Python3.framework/Versions/3.9/lib/python3.9/socketserver.py", line 452, in __init__
    self.server_bind()
  File "/Library/Developer/CommandLineTools/Library/Frameworks/Python3.framework/Versions/3.9/lib/python3.9/http/server.py", line 138, in server_bind
    socketserver.TCPServer.server_bind(self)
  File "/Library/Developer/CommandLineTools/Library/Frameworks/Python3.framework/Versions/3.9/lib/python3.9/socketserver.py", line 466, in server_bind
    self.socket.bind(self.server_address)
OSError: [Errno 48] Address already in use
Traceback (most recent call last):
  File "/Users/coreyleung/dsh-collab/scripts/blackboard-events.py", line 103, in <module>
    main()
  File "/Users/coreyleung/dsh-collab/scripts/blackboard-events.py", line 97, in main
    srv = ThreadingHTTPServer(("0.0.0.0", args.port), H)
  File "/Library/Developer/CommandLineTools/Library/Frameworks/Python3.framework/Versions/3.9/lib/python3.9/socketserver.py", line 452, in __init__
    self.server_bind()
  File "/Library/Developer/CommandLineTools/Library/Frameworks/Python3.framework/Versions/3.9/lib/python3.9/http/server.py", line 138, in server_bind
    socketserver.TCPServer.server_bind(self)
  File "/Library/Developer/CommandLineTools/Library/Frameworks/Python3.framework/Versions/3.9/lib/python3.9/socketserver.py", line 466, in server_bind
    self.socket.bind(self.server_address)
OSError: [Errno 48] Address already in use
Traceback (most recent call last):
  File "/Users/coreyleung/dsh-collab/scripts/blackboard-events.py", line 103, in <module>
    main()
  File "/Users/coreyleung/dsh-collab/scripts/blackboard-events.py", line 97, in main
    srv = ThreadingHTTPServer(("0.0.0.0", args.port), H)
  File "/Library/Developer/CommandLineTools/Library/Frameworks/Python3.framework/Versions/3.9/lib/python3.9/socketserver.py", line 452, in __init__
    self.server_bind()
  File "/Library/Developer/CommandLineTools/Library/Frameworks/Python3.framework/Versions/3.9/lib/python3.9/http/server.py", line 138, in server_bind
    socketserver.TCPServer.server_bind(self)
  File "/Library/Developer/CommandLineTools/Library/Frameworks/Python3.framework/Versions/3.9/lib/python3.9/socketserver.py", line 466, in server_bind
    self.socket.bind(self.server_address)
OSError: [Errno 48] Address already in use
Traceback (most recent call last):
  File "/Users/coreyleung/dsh-collab/scripts/blackboard-events.py", line 103, in <module>
    main()
  File "/Users/coreyleung/dsh-collab/scripts/blackboard-events.py", line 97, in main
    srv = ThreadingHTTPServer(("0.0.0.0", args.port), H)
  File "/Library/Developer/CommandLineTools/Library/Frameworks/Python3.framework/Versions/3.9/lib/python3.9/socketserver.py", line 452, in __init__
    self.server_bind()
  File "/Library/Developer/CommandLineTools/Library/Frameworks/Python3.framework/Versions/3.9/lib/python3.9/http/server.py", line 138, in server_bind
    socketserver.TCPServer.server_bind(self)
  File "/Library/Developer/CommandLineTools/Library/Frameworks/Python3.framework/Versions/3.9/lib/python3.9/socketserver.py", line 466, in server_bind
    self.socket.bind(self.server_address)
OSError: [Errno 48] Address already in use
Traceback (most recent call last):
  File "/Users/coreyleung/dsh-collab/scripts/blackboard-events.py", line 103, in <module>
    main()
  File "/Users/coreyleung/dsh-collab/scripts/blackboard-events.py", line 97, in main
    srv = ThreadingHTTPServer(("0.0.0.0", args.port), H)
  File "/Library/Developer/CommandLineTools/Library/Frameworks/Python3.framework/Versions/3.9/lib/python3.9/socketserver.py", line 452, in __init__
    self.server_bind()
  File "/Library/Developer/CommandLineTools/Library/Frameworks/Python3.framework/Versions/3.9/lib/python3.9/http/server.py", line 138, in server_bind
    socketserver.TCPServer.server_bind(self)
  File "/Library/Developer/CommandLineTools/Library/Frameworks/Python3.framework/Versions/3.9/lib/python3.9/socketserver.py", line 466, in server_bind
    self.socket.bind(self.server_address)
OSError: [Errno 48] Address already in use
