[dbg-notify] nodes/i9/heartbeat seq=1791010881000001
[dbg-bcast] nodes/i9/heartbeat v186743
[dbg-bcast] nodes/i9/heartbeat v186743
[dbg-notify] nodes/i9/heartbeat seq=1791010881000002
[dbg-bcast] nodes/i9/heartbeat v186744
[dbg-bcast] nodes/i9/heartbeat v186744
[dbg-notify] nodes/i9 seq=1791010882000001
[dbg-bcast] nodes/i9 v26612
[dbg-bcast] nodes/i9 v26612
[dbg-notify] nodes/mbp/heartbeat seq=1791010883000001
[dbg-bcast] nodes/mbp/heartbeat v25874
[dbg-bcast] nodes/mbp/heartbeat v25874
[dbg-notify] nodes/mac-mini/heartbeat seq=1791010887000001
[dbg-bcast] nodes/mac-mini/heartbeat v53851
[dbg-bcast] nodes/mac-mini/heartbeat v53851
[dbg-notify] data/ops/resource-gate/status-1791010907 seq=1791010907000001
[dbg-bcast] data/ops/resource-gate/status-1791010907 v1
[dbg-bcast] data/ops/resource-gate/status-1791010907 v1
[dbg-notify] data/ops/resource-gate/current seq=1791010907000002
[dbg-bcast] data/ops/resource-gate/current v9617
[dbg-bcast] data/ops/resource-gate/current v9617
[dbg-notify] data/ops/drift-alert/1791010914531 seq=1791010914000001
[dbg-bcast] data/ops/drift-alert/1791010914531 v1
[dbg-bcast] data/ops/drift-alert/1791010914531 v1
[dbg-notify] data/ops/dbg-probe6 seq=1791010930000001
[dbg-bcast] data/ops/dbg-probe6 v1
[dbg-bcast] data/ops/dbg-probe6 v1
[dbg-notify] nodes/mbp/heartbeat seq=1791010946000001
[dbg-bcast] nodes/mbp/heartbeat v25875
[dbg-bcast] nodes/mbp/heartbeat v25875
[dbg-notify] nodes/mac-mini/heartbeat seq=1791010947000001
[dbg-bcast] nodes/mac-mini/heartbeat v53852
[dbg-bcast] nodes/mac-mini/heartbeat v53852
[dbg-notify] nodes/i9/heartbeat seq=1791011002000001
[dbg-bcast] nodes/i9/heartbeat v186745
[dbg-bcast] nodes/i9/heartbeat v186745
[dbg-notify] nodes/mbp/heartbeat seq=1791011007000001
[dbg-bcast] nodes/mbp/heartbeat v25876
[dbg-bcast] nodes/mbp/heartbeat v25876
[dbg-notify] nodes/mac-mini/heartbeat seq=1791011007000002
[dbg-bcast] nodes/mac-mini/heartbeat v53853
[dbg-bcast] nodes/mac-mini/heartbeat v53853
