[2026-08-24 03:26:04] 语义库→基因库同步监控启动（事件驱动 http://127.0.0.1:8803/events + 6h 兜底）
[2026-08-24 03:26:04] 🔄 触发同步（6h 定期兜底）
[2026-08-24 03:27:04]   ✅ wallflower_2919.txt (0KB, 分片续传)
[2026-08-24 03:27:04]   ✅ wallflower_2930.txt (0KB, 分片续传)
[2026-08-24 03:27:04]   完成: 上传 5135 | 跳过 11384 | 失败 0
[2026-08-24 03:27:04] 已连接事件桥，等待语义库更新...
[2026-08-24 03:36:59] 🔄 触发同步（事件: i9-paper-request-v2-missed）
[2026-08-24 03:37:14]   扫描 pdfs: 163 文件
[2026-08-24 03:37:14]   扫描 datasets: 16356 文件
[2026-08-24 03:37:14]   完成: 上传 0 | 跳过 16519 | 失败 0
[2026-08-24 03:41:40] 🔄 触发同步（事件: annotation-papers-delivered）
[2026-08-24 03:41:55]   扫描 pdfs: 168 文件
[2026-08-24 03:41:55]   扫描 datasets: 16356 文件
[2026-08-24 03:41:55]   完成: 上传 0 | 跳过 16524 | 失败 0
[2026-08-24 03:46:59] 🔄 触发同步（事件: 4787d717-eco-ab-done）
[2026-08-24 03:47:11]   ✅ 2405.04434.pdf (1549KB, 分片续传)
[2026-08-24 03:47:11]   扫描 datasets: 16356 文件
[2026-08-24 03:47:11]   完成: 上传 11 | 跳过 16524 | 失败 0
[2026-08-25 23:46:47] 🔄 触发同步（6h 定期兜底）
[2026-08-25 23:46:55]   扫描 pdfs: 179 文件
[2026-08-25 23:46:55]   扫描 datasets: 16357 文件
[2026-08-25 23:46:55]   完成: 上传 0 | 跳过 0 | 失败 16536
[2026-08-25 23:46:55] 连接中断: <urlopen error [Errno 61] Connection refused>（5s 后重连）
[2026-08-25 23:47:00] 已连接事件桥，等待语义库更新...
[2026-08-25 23:48:59] 连接中断: <urlopen error [Errno 61] Connection refused>（5s 后重连）
[2026-08-25 23:49:04] 连接中断: <urlopen error [Errno 61] Connection refused>（5s 后重连）
[2026-08-25 23:49:09] 连接中断: <urlopen error [Errno 61] Connection refused>（5s 后重连）
[2026-08-25 23:49:14] 连接中断: <urlopen error [Errno 61] Connection refused>（5s 后重连）
[2026-08-25 23:49:19] 已连接事件桥，等待语义库更新...
[2026-08-25 23:49:48] 连接中断: <urlopen error [Errno 61] Connection refused>（5s 后重连）
[2026-08-25 23:49:53] 已连接事件桥，等待语义库更新...
[2026-08-27 00:56:22] 语义库→基因库同步监控启动（事件驱动 http://127.0.0.1:8803/events + 6h 兜底）
[2026-08-27 00:56:22] 🔄 触发同步（6h 定期兜底）
[2026-08-27 00:58:24]   ✅ test.txt (104KB, 分片续传)
[2026-08-27 00:58:24]   ✅ flower-102cls-yolo.zip (800046KB, 分片续传)
[2026-08-27 00:58:24]   完成: 上传 16486 | 跳过 0 | 失败 50
[2026-08-27 00:58:24] 已连接事件桥，等待语义库更新...
[2026-08-27 01:44:27] 语义库→基因库同步监控启动（事件驱动 http://127.0.0.1:8803/events + 6h 兜底）
[2026-08-27 01:44:27] 🔄 触发同步（6h 定期兜底）
[2026-08-27 01:46:37]   ✅ test.txt (104KB, 分片续传)
[2026-08-27 01:46:37]   ✅ flower-102cls-yolo.zip (800046KB, 分片续传)
[2026-08-27 01:46:37]   完成: 上传 16377 | 跳过 0 | 失败 159
[2026-08-27 01:46:37] 已连接事件桥，等待语义库更新...
[2026-08-28 02:10:13] 🔄 触发同步（6h 定期兜底）
[2026-08-28 02:10:20]   ✅ cross-device-bridge-postmortem-20260827.md (11KB, 分片续传)
[2026-08-28 02:10:20]   ✅ m1-user-actions-pending-20260827.md (2KB, 分片续传)
[2026-08-28 02:10:20]   完成: 上传 19 | 跳过 16536 | 失败 0
[2026-08-28 02:10:20] 连接中断: <urlopen error [Errno 61] Connection refused>（5s 后重连）
[2026-08-28 02:10:25] 已连接事件桥，等待语义库更新...
[2026-08-28 03:34:24] 连接中断: <urlopen error [Errno 61] Connection refused>（5s 后重连）
[2026-08-28 03:34:29] 连接中断: <urlopen error [Errno 61] Connection refused>（5s 后重连）
[2026-08-28 03:34:34] 连接中断: <urlopen error [Errno 61] Connection refused>（5s 后重连）
[2026-08-28 03:34:39] 已连接事件桥，等待语义库更新...
[2026-08-28 03:37:34] 连接中断: <urlopen error [Errno 61] Connection refused>（5s 后重连）
[2026-08-28 03:37:39] 连接中断: <urlopen error [Errno 61] Connection refused>（5s 后重连）
[2026-08-28 03:37:44] 连接中断: <urlopen error [Errno 61] Connection refused>（5s 后重连）
[2026-08-28 03:37:49] 已连接事件桥，等待语义库更新...
[2026-08-29 02:33:16] 语义库→基因库同步监控启动（事件驱动 http://127.0.0.1:8803/events + 6h 兜底）
[2026-08-29 02:33:16] 🔄 触发同步（6h 定期兜底）
[2026-08-29 02:34:36]   扫描 pdfs: 179 文件
[2026-08-29 02:34:36]   扫描 datasets: 16376 文件
[2026-08-29 02:34:36]   完成: 上传 0 | 跳过 16555 | 失败 0
[2026-08-29 02:34:36] 已连接事件桥，等待语义库更新...
[2026-08-29 02:42:15] 连接中断: <urlopen error [Errno 61] Connection refused>（5s 后重连）
[2026-08-29 02:42:20] 连接中断: <urlopen error [Errno 61] Connection refused>（5s 后重连）
[2026-08-29 02:42:25] 连接中断: <urlopen error [Errno 61] Connection refused>（5s 后重连）
[2026-08-29 02:42:30] 已连接事件桥，等待语义库更新...
[2026-08-29 16:05:03] 🔄 触发同步（6h 定期兜底）
[2026-08-29 16:05:12]   ✅ package.json (1KB, 分片续传)
[2026-08-29 16:05:12]   ✅ CHANGELOG.md (1KB, 分片续传)
[2026-08-29 16:05:12]   完成: 上传 4 | 跳过 16556 | 失败 0
[2026-08-29 16:05:12] 已连接事件桥，等待语义库更新...
[2026-08-29 20:12:55] 连接中断: <urlopen error [Errno 61] Connection refused>（5s 后重连）
[2026-08-29 20:13:00] 已连接事件桥，等待语义库更新...
[2026-08-29 20:13:06] 连接中断: <urlopen error [Errno 61] Connection refused>（5s 后重连）
[2026-08-29 20:13:11] 已连接事件桥，等待语义库更新...
[2026-08-29 21:54:42] 连接中断: <urlopen error [Errno 61] Connection refused>（5s 后重连）
[2026-08-29 21:54:47] 已连接事件桥，等待语义库更新...
[2026-09-04 15:38:38] 语义库→基因库同步监控启动（事件驱动 http://127.0.0.1:8803/events + 6h 兜底）
[2026-09-04 15:38:38] 🔄 触发同步（6h 定期兜底）
[2026-09-04 15:41:11]   ✅ flower-102cls-yolo.zip (800046KB, 分片续传)
[2026-09-04 15:41:11]   ✅ 初蘅鲜花_招商计划书_网页源码.zip (120KB, 分片续传)
[2026-09-04 15:41:11]   完成: 上传 16676 | 跳过 0 | 失败 95
[2026-09-04 15:41:11] 已连接事件桥，等待语义库更新...
[2026-09-11 23:49:00] 语义库→基因库同步监控启动（事件驱动 http://127.0.0.1:8803/events + 6h 兜底）
[2026-09-11 23:49:00] 🔄 触发同步（6h 定期兜底）
[2026-09-11 23:51:56]   ✅ flower-102cls-yolo.zip (800046KB, 分片续传)
[2026-09-11 23:51:56]   ✅ 初蘅鲜花_招商计划书_网页源码.zip (120KB, 分片续传)
[2026-09-11 23:51:56]   完成: 上传 16764 | 跳过 0 | 失败 7
[2026-09-11 23:51:56] 已连接事件桥，等待语义库更新...
[2026-09-13 18:30:41] 🔄 触发同步（6h 定期兜底）
[2026-09-13 18:30:48]   扫描 pdfs: 184 文件
[2026-09-13 18:30:48]   扫描 datasets: 16587 文件
[2026-09-13 18:30:48]   完成: 上传 0 | 跳过 16771 | 失败 0
[2026-09-13 18:30:48] 已连接事件桥，等待语义库更新...
[2026-09-13 18:31:08] 连接中断: <urlopen error [Errno 61] Connection refused>（5s 后重连）
[2026-09-13 18:31:13] 已连接事件桥，等待语义库更新...
[2026-09-24 09:04:02] 语义库→基因库同步监控启动（事件驱动 http://127.0.0.1:8803/events + 6h 兜底）
[2026-09-24 09:04:02] 🔄 触发同步（6h 定期兜底）
[2026-09-24 09:09:02]   ✅ flower-102cls-yolo.zip (800046KB, 分片续传)
[2026-09-24 09:09:02]   ✅ 初蘅鲜花_招商计划书_网页源码.zip (120KB, 分片续传)
[2026-09-24 09:09:02]   完成: 上传 16645 | 跳过 0 | 失败 126
[2026-09-24 09:09:02] 已连接事件桥，等待语义库更新...
[2026-10-03 14:54:24] 🔄 触发同步（6h 定期兜底）
[2026-10-03 14:54:29]   扫描 pdfs: 184 文件
[2026-10-03 14:54:29]   扫描 datasets: 16587 文件
[2026-10-03 14:54:29]   完成: 上传 0 | 跳过 16771 | 失败 0
[2026-10-03 14:54:29] 连接中断: <urlopen error [Errno 61] Connection refused>（5s 后重连）
[2026-10-03 14:54:34] 连接中断: <urlopen error [Errno 61] Connection refused>（5s 后重连）
[2026-10-03 14:54:39] 已连接事件桥，等待语义库更新...
[2026-10-03 14:56:43] 连接中断: <urlopen error [Errno 61] Connection refused>（5s 后重连）
[2026-10-03 14:56:48] 连接中断: <urlopen error [Errno 61] Connection refused>（5s 后重连）
[2026-10-03 14:56:53] 连接中断: <urlopen error [Errno 61] Connection refused>（5s 后重连）
[2026-10-03 14:56:58] 已连接事件桥，等待语义库更新...
[2026-10-03 14:59:29] 连接中断: <urlopen error [Errno 61] Connection refused>（5s 后重连）
[2026-10-03 14:59:34] 已连接事件桥，等待语义库更新...
[2026-10-03 15:01:09] 连接中断: <urlopen error [Errno 61] Connection refused>（5s 后重连）
[2026-10-03 15:01:14] 连接中断: <urlopen error [Errno 61] Connection refused>（5s 后重连）
[2026-10-03 15:01:19] 连接中断: <urlopen error [Errno 61] Connection refused>（5s 后重连）
[2026-10-03 15:01:24] 已连接事件桥，等待语义库更新...
[2026-10-03 15:04:24] 连接中断: <urlopen error [Errno 61] Connection refused>（5s 后重连）
[2026-10-03 15:04:29] 连接中断: <urlopen error [Errno 61] Connection refused>（5s 后重连）
[2026-10-03 15:04:34] 连接中断: <urlopen error [Errno 61] Connection refused>（5s 后重连）
[2026-10-03 15:04:39] 已连接事件桥，等待语义库更新...
[2026-10-03 21:49:49] 语义库→基因库同步监控启动（事件驱动 http://127.0.0.1:8803/events + 6h 兜底）
[2026-10-03 21:49:49] 🔄 触发同步（6h 定期兜底）
[2026-10-03 21:52:17]   ✅ flower-102cls-yolo.zip (800046KB, 分片续传)
[2026-10-03 21:52:17]   ✅ 初蘅鲜花_招商计划书_网页源码.zip (120KB, 分片续传)
[2026-10-03 21:52:17]   完成: 上传 16748 | 跳过 0 | 失败 23
[2026-10-03 21:52:17] 已连接事件桥，等待语义库更新...
[2026-10-04 12:31:03] 🔄 触发同步（6h 定期兜底）
[2026-10-04 12:31:09]   扫描 pdfs: 184 文件
[2026-10-04 12:31:09]   扫描 datasets: 16587 文件
[2026-10-04 12:31:09]   完成: 上传 0 | 跳过 16771 | 失败 0
[2026-10-04 12:31:09] 已连接事件桥，等待语义库更新...
[2026-10-04 12:31:38] 连接中断: <urlopen error [Errno 61] Connection refused>（5s 后重连）
[2026-10-04 12:31:43] 已连接事件桥，等待语义库更新...
[2026-10-04 13:04:46] 连接中断: <urlopen error [Errno 61] Connection refused>（5s 后重连）
[2026-10-04 13:04:51] 已连接事件桥，等待语义库更新...
[2026-10-04 13:48:07] 连接中断: <urlopen error [Errno 61] Connection refused>（5s 后重连）
[2026-10-04 13:48:12] 已连接事件桥，等待语义库更新...
[2026-10-04 14:11:25] 连接中断: <urlopen error [Errno 61] Connection refused>（5s 后重连）
[2026-10-04 14:11:30] 已连接事件桥，等待语义库更新...
[2026-10-04 14:12:15] 连接中断: <urlopen error [Errno 61] Connection refused>（5s 后重连）
[2026-10-04 14:12:20] 已连接事件桥，等待语义库更新...
[2026-10-04 14:15:33] 连接中断: <urlopen error [Errno 61] Connection refused>（5s 后重连）
[2026-10-04 14:15:38] 连接中断: <urlopen error [Errno 61] Connection refused>（5s 后重连）
[2026-10-04 14:15:43] 连接中断: <urlopen error [Errno 61] Connection refused>（5s 后重连）
[2026-10-04 14:15:48] 连接中断: <urlopen error [Errno 61] Connection refused>（5s 后重连）
[2026-10-04 14:15:53] 连接中断: <urlopen error [Errno 61] Connection refused>（5s 后重连）
[2026-10-04 14:15:58] 连接中断: <urlopen error [Errno 61] Connection refused>（5s 后重连）
[2026-10-04 14:16:03] 已连接事件桥，等待语义库更新...
[2026-10-05 00:52:15] 🔄 触发同步（6h 定期兜底）
[2026-10-05 00:52:21]   扫描 pdfs: 184 文件
[2026-10-05 00:52:21]   扫描 datasets: 16587 文件
[2026-10-05 00:52:21]   完成: 上传 0 | 跳过 16771 | 失败 0
[2026-10-05 00:52:21] 已连接事件桥，等待语义库更新...
[2026-10-05 13:46:35] 语义库→基因库同步监控启动（事件驱动 http://127.0.0.1:8803/events + 6h 兜底）
[2026-10-05 13:46:35] 🔄 触发同步（6h 定期兜底）
[2026-10-05 13:48:47]   ✅ flower-102cls-yolo.zip (800046KB, 分片续传)
[2026-10-05 13:48:47]   ✅ 初蘅鲜花_招商计划书_网页源码.zip (120KB, 分片续传)
[2026-10-05 13:48:47]   完成: 上传 16759 | 跳过 0 | 失败 12
[2026-10-05 13:48:47] 已连接事件桥，等待语义库更新...
[2026-10-05 17:08:39] 连接中断: <urlopen error [Errno 61] Connection refused>（5s 后重连）
[2026-10-05 17:08:44] 已连接事件桥，等待语义库更新...
[2026-10-05 17:13:49] 连接中断: <urlopen error [Errno 61] Connection refused>（5s 后重连）
[2026-10-05 17:13:54] 已连接事件桥，等待语义库更新...
[2026-10-05 17:20:30] 连接中断: <urlopen error [Errno 61] Connection refused>（5s 后重连）
[2026-10-05 17:20:36] 已连接事件桥，等待语义库更新...
[2026-10-05 21:59:17] 🔄 触发同步（6h 定期兜底）
[2026-10-05 21:59:22]   扫描 pdfs: 184 文件
[2026-10-05 21:59:22]   扫描 datasets: 16587 文件
[2026-10-05 21:59:22]   完成: 上传 0 | 跳过 16771 | 失败 0
[2026-10-05 21:59:22] 已连接事件桥，等待语义库更新...
[2026-10-05 22:39:02] 连接中断: <urlopen error [Errno 61] Connection refused>（5s 后重连）
[2026-10-05 22:39:07] 已连接事件桥，等待语义库更新...
[2026-10-08 03:32:45] 语义库→基因库同步监控启动（事件驱动 http://127.0.0.1:8803/events + 6h 兜底）
[2026-10-08 03:32:45] 🔄 触发同步（6h 定期兜底）
[2026-10-08 03:33:08]   扫描 pdfs: 184 文件
[2026-10-08 03:33:08]   扫描 datasets: 16587 文件
[2026-10-08 03:33:08]   完成: 上传 0 | 跳过 16771 | 失败 0
[2026-10-08 03:33:08] 已连接事件桥，等待语义库更新...
[2026-10-08 04:28:49] 语义库→基因库同步监控启动（事件驱动 http://127.0.0.1:8803/events + 6h 兜底）
[2026-10-08 04:28:49] 🔄 触发同步（6h 定期兜底）
[2026-10-08 04:30:52]   ✅ flower-102cls-yolo.zip (800046KB, 分片续传)
[2026-10-08 04:30:52]   ✅ 初蘅鲜花_招商计划书_网页源码.zip (120KB, 分片续传)
[2026-10-08 04:30:52]   完成: 上传 16769 | 跳过 0 | 失败 2
[2026-10-08 04:30:52] 已连接事件桥，等待语义库更新...
