INDEXED: resource-conflict-policy.md 35 chunks
INDEXED: foundation-wiki.md 35 chunks
INDEXED: knowledge-continuous-update.md 14 chunks
INDEXED: subscriptions.json 1 chunks
rules-sync: indexed=4 total_files=9
INDEXED: blackboard-dispatch-protocol.md 15 chunks
rules-sync: indexed=1 total_files=9
rules-sync: indexed=0 total_files=9
rules-sync: indexed=0 total_files=9
rules-sync: indexed=0 total_files=9
rules-sync: indexed=0 total_files=9
rules-sync: indexed=0 total_files=9
rules-sync: indexed=0 total_files=9
rules-sync: indexed=0 total_files=9
INDEXED: resource-conflict-policy.md 35 chunks
rules-sync: indexed=1 total_files=9
rules-sync: indexed=0 total_files=9
rules-sync: indexed=0 total_files=9
rules-sync: indexed=0 total_files=9
INDEXED: approval-ledger.md 9 chunks
rules-sync: indexed=1 total_files=9
INDEXED: approval-ledger.md 9 chunks
rules-sync: indexed=1 total_files=9
rules-sync: indexed=0 total_files=9
rules-sync: indexed=0 total_files=9
rules-sync: indexed=0 total_files=9
rules-sync: indexed=0 total_files=9
rules-sync: indexed=0 total_files=9
rules-sync: indexed=0 total_files=9
rules-sync: indexed=0 total_files=9
rules-sync: indexed=0 total_files=9
rules-sync: indexed=0 total_files=9
rules-sync: indexed=0 total_files=9
rules-sync: indexed=0 total_files=9
rules-sync: indexed=0 total_files=9
rules-sync: indexed=0 total_files=9
rules-sync: indexed=0 total_files=9
rules-sync: indexed=0 total_files=9
rules-sync: indexed=0 total_files=9
rules-sync: indexed=0 total_files=9
rules-sync: indexed=0 total_files=9
rules-sync: indexed=0 total_files=9
rules-sync: indexed=0 total_files=9
rules-sync: indexed=0 total_files=9
rules-sync: indexed=0 total_files=9
rules-sync: indexed=0 total_files=9
rules-sync: indexed=0 total_files=9
rules-sync: indexed=0 total_files=9
